#
# A fatal error has been detected by the Java Runtime Environment:
#
#  EXCEPTION_ACCESS_VIOLATION (0xc0000005) at pc=0x00007ffa549f8d65, pid=20824, tid=14620
#
# JRE version: OpenJDK Runtime Environment Temurin-21.0.10+7 (21.0.10+7) (build 21.0.10+7-LTS)
# Java VM: OpenJDK 64-Bit Server VM Temurin-21.0.10+7 (21.0.10+7-LTS, mixed mode, sharing, tiered, compressed oops, compressed class ptrs, parallel gc, windows-amd64)
# Problematic frame:
# V  [jvm.dll+0x618d65]
#
# No core dump will be written. Minidumps are not enabled by default on client versions of Windows
#
# If you would like to submit a bug report, please visit:
#   https://github.com/adoptium/adoptium-support/issues
#

---------------  S U M M A R Y ------------

Command Line: --add-modules=ALL-SYSTEM --add-opens=java.base/java.util=ALL-UNNAMED --add-opens=java.base/java.lang=ALL-UNNAMED --add-opens=java.base/sun.nio.fs=ALL-UNNAMED -Declipse.application=org.eclipse.jdt.ls.core.id1 -Dosgi.bundles.defaultStartLevel=4 -Declipse.product=org.eclipse.jdt.ls.core.product -Djava.import.generatesMetadataFilesAtProjectRoot=false -DDetectVMInstallationsJob.disabled=true -Dfile.encoding=utf8 -XX:+UseParallelGC -XX:GCTimeRatio=4 -XX:AdaptiveSizePolicyWeight=90 -Dsun.zip.disableMemoryMapping=true -Xmx2G -Xms100m -Xlog:disable -javaagent:c:\Users\osaka\.vscode\extensions\redhat.java-1.54.0-win32-x64\lombok\lombok-1.18.39-4050.jar c:\Users\osaka\.vscode\extensions\redhat.java-1.54.0-win32-x64\server\plugins\org.eclipse.equinox.launcher_1.7.100.v20251111-0406.jar -configuration c:\Users\osaka\AppData\Roaming\Code\User\globalStorage\redhat.java\1.54.0\config_ss_win -data c:\Users\osaka\AppData\Roaming\Code\User\workspaceStorage\fd0630c1d770339bb41c961d7db7f29d\redhat.java\ss_ws --pipe=\\.\pipe\lsp-6fc58ef8fc847e701c436dc6daf1095b-sock

Host: AMD Ryzen 5 3600X 6-Core Processor             , 12 cores, 31G,  Windows 11 , 64 bit Build 26100 (10.0.26100.8246)
Time: Fri May  1 15:06:01 2026 Hora est. Sudamérica Pacífico elapsed time: 4.992430 seconds (0d 0h 0m 4s)

---------------  T H R E A D  ---------------

Current thread (0x000001f9094ac270):  JavaThread "C2 CompilerThread0" daemon [_thread_in_native, id=14620, stack(0x000000da10700000,0x000000da10800000) (1024K)]


Current CompileTask:
C2:4992 5099       4       java.lang.reflect.AccessibleObject::verifyAccess (55 bytes)

Stack: [0x000000da10700000,0x000000da10800000],  sp=0x000000da107fcc10,  free space=1011k
Native frames: (J=compiled Java code, j=interpreted, Vv=VM code, C=native code)
V  [jvm.dll+0x618d65]
V  [jvm.dll+0x1e6642]
V  [jvm.dll+0x1e3f73]
V  [jvm.dll+0x24c6b3]
V  [jvm.dll+0x24bb40]
V  [jvm.dll+0x1cb34e]
V  [jvm.dll+0x25b85d]
V  [jvm.dll+0x259dea]
V  [jvm.dll+0x3f857e]
V  [jvm.dll+0x85f59d]
V  [jvm.dll+0x6d626d]
C  [ucrtbase.dll+0x37b0]
C  [KERNEL32.DLL+0x2e8d7]
C  [ntdll.dll+0x8c3fc]


siginfo: EXCEPTION_ACCESS_VIOLATION (0xc0000005), reading address 0x00005ffa54d57678


Registers:
RAX=0x00005ffa54d57670, RBX=0x000001f9107a75e8, RCX=0x000001f90febf258, RDX=0x0000000000000001
RSP=0x000000da107fcc10, RBP=0x0000000000000001, RSI=0x0000000000000001, RDI=0x0000000000000001
R8 =0x00000000ffffffff, R9 =0x0000000000000001, R10=0x0000000000000000, R11=0x3333333333333333
R12=0x0000000000000001, R13=0x0000000000000008, R14=0x000001f9094f66c0, R15=0x000001f90f98aa38
RIP=0x00007ffa549f8d65, EFLAGS=0x0000000000010246

XMM[0]=0x0000000000000000 0x3f12362c0cdab1f8
XMM[1]=0x0000000000000000 0x0000000000000000
XMM[2]=0x0000000000000000 0x0000000000000000
XMM[3]=0x0000000000000000 0x0000000000000000
XMM[4]=0x0000000000000000 0x0000000000000000
XMM[5]=0x0000000000000000 0x0000000000000000
XMM[6]=0x0000000000000000 0x408f400000000000
XMM[7]=0x0000000000000000 0x0000000000000000
XMM[8]=0x0000000000000000 0x0000000000000000
XMM[9]=0x0000000000000000 0x0000000000000000
XMM[10]=0x0000000000000000 0x0000000000000000
XMM[11]=0x0000000000000000 0x0000000000000000
XMM[12]=0x0000000000000000 0x0000000000000000
XMM[13]=0x0000000000000000 0x0000000000000000
XMM[14]=0x0000000000000000 0x0000000000000000
XMM[15]=0x0000000000000000 0x0000000000000000
  MXCSR=0x00001fa0


Register to memory mapping:

RAX=0x00005ffa54d57670 is an unknown value
RBX=0x000001f9107a75e8 points into unknown readable memory: 0x00007ffa54d7ed60 | 60 ed d7 54 fa 7f 00 00
RCX=0x000001f90febf258 points into unknown readable memory: 0x00005ffa54d57670 | 70 76 d5 54 fa 5f 00 00
RDX=0x0000000000000001 is an unknown value
RSP=0x000000da107fcc10 is pointing into the stack for thread: 0x000001f9094ac270
RBP=0x0000000000000001 is an unknown value
RSI=0x0000000000000001 is an unknown value
RDI=0x0000000000000001 is an unknown value
R8 =0x00000000ffffffff is an unallocated location in the heap
R9 =0x0000000000000001 is an unknown value
R10=0x0 is null
R11=0x3333333333333333 is an unknown value
R12=0x0000000000000001 is an unknown value
R13=0x0000000000000008 is an unknown value
R14=0x000001f9094f66c0 points into unknown readable memory: 0x00007ffa54e9c490 | 90 c4 e9 54 fa 7f 00 00
R15=0x000001f90f98aa38 points into unknown readable memory: 0x00007ffa54dd7ae0 | e0 7a dd 54 fa 7f 00 00

Top of Stack: (sp=0x000000da107fcc10)
0x000000da107fcc10:   00007ffa550159a0 000001f9107a75e8
0x000000da107fcc20:   000001f919755618 000001f91956fd20
0x000000da107fcc30:   000001f91a007980 00007ffa545c6642
0x000000da107fcc40:   000001f9107a75e8 000001f9094f66c0
0x000000da107fcc50:   000000000000008d 000000da107fd150
0x000000da107fcc60:   0000006000000006 0000000000000002
0x000000da107fcc70:   000001f90f98aa38 0000000000000000
0x000000da107fcc80:   0000000000000000 0000000000000000
0x000000da107fcc90:   0000000000000001 000001f90ad82f50
0x000000da107fcca0:   000000da107fd230 000001f90ad82f60
0x000000da107fccb0:   0000000000000000 000000da107fe610
0x000000da107fccc0:   000000da107fd160 000000da107fcde0
0x000000da107fccd0:   000000da107fd150 00007ffa545c3f73
0x000000da107fcce0:   000000da107fd150 000000da107fd101
0x000000da107fccf0:   000000da107fcd01 00000000ffffffff
0x000000da107fcd00:   000001f919aedc00 0000000000000002
0x000000da107fcd10:   000001f8b08a6807 000001f90ad82f50
0x000000da107fcd20:   000001f91a001880 000001f91a041000
0x000000da107fcd30:   000001f91a041000 0000000000079668
0x000000da107fcd40:   000001f90ad82f50 0000000000000002
0x000000da107fcd50:   000001f919ae0000 0000000000000000
0x000000da107fcd60:   000001f8b08a6830 0000000000000000
0x000000da107fcd70:   000001f919aedcd0 00007ffa54dec2a0
0x000000da107fcd80:   0000000000000000 0000000000000000
0x000000da107fcd90:   0000000000000000 00007ffa54dec2a0
0x000000da107fcda0:   000001f919af0800 3fc6836e9979a1eb
0x000000da107fcdb0:   000000000000000c 000000da107fe610
0x000000da107fcdc0:   000001f910fa24e0 000001f8b08a6800
0x000000da107fcdd0:   000001f91a001890 000001f9000005c5
0x000000da107fcde0:   000000da107fcd10 000001f90ad82f60
0x000000da107fcdf0:   00007ffa54dec270 000000000000000d
0x000000da107fce00:   000000da107fe610 000000da107fd150 

Instructions: (pc=0x00007ffa549f8d65)
0x00007ffa549f8c65:   43 08 8b 15 3b 59 6d 00 48 8b 3c f8 65 48 8b 04
0x00007ffa549f8c75:   25 58 00 00 00 48 8b 1c d0 b8 70 00 00 00 80 3c
0x00007ffa549f8c85:   18 00 75 05 e8 42 b4 33 00 b8 20 00 00 00 48 8b
0x00007ffa549f8c95:   cf 48 8b 04 18 48 8b 90 68 06 00 00 48 8b 82 80
0x00007ffa549f8ca5:   00 00 00 48 8b 17 48 8b 98 60 08 00 00 ff 52 70
0x00007ffa549f8cb5:   8b c0 48 8b 84 c3 c8 01 00 00 48 8b 5c 24 30 48
0x00007ffa549f8cc5:   83 c4 20 5f c3 cc cc cc cc cc cc 48 89 5c 24 18
0x00007ffa549f8cd5:   48 89 6c 24 20 57 48 83 ec 20 48 8b 01 8b ea 48
0x00007ffa549f8ce5:   8b d9 ff 90 c8 00 00 00 8b f8 3b e8 73 58 65 48
0x00007ffa549f8cf5:   8b 04 25 58 00 00 00 8b 0d a6 58 6d 00 48 8b 1c
0x00007ffa549f8d05:   c8 b8 70 00 00 00 80 3c 18 00 75 05 e8 ba b3 33
0x00007ffa549f8d15:   00 b8 20 00 00 00 48 8b 04 18 48 8b 88 68 06 00
0x00007ffa549f8d25:   00 48 8b 81 80 00 00 00 48 8b 80 60 08 00 00 48
0x00007ffa549f8d35:   8b 80 68 01 00 00 48 8b 5c 24 40 48 8b 6c 24 48
0x00007ffa549f8d45:   48 83 c4 20 5f c3 48 8b 43 40 48 89 74 24 30 be
0x00007ffa549f8d55:   01 00 00 00 4c 89 74 24 38 48 8b 48 08 48 8b 01
0x00007ffa549f8d65:   ff 50 08 8b d0 8d 0c 38 3b e9 72 1a 48 8b 43 40
0x00007ffa549f8d75:   ff c6 03 fa 48 8b 0c f0 48 8b 01 ff 50 08 8b d0
0x00007ffa549f8d85:   03 c7 3b e8 73 e6 48 8b 03 48 8b cb ff 90 e8 00
0x00007ffa549f8d95:   00 00 4c 8b f0 48 85 c0 74 10 48 8b 13 48 8b cb
0x00007ffa549f8da5:   ff 92 b8 00 00 00 3b f0 74 17 48 8b 43 40 2b ef
0x00007ffa549f8db5:   8b ce 8b d5 48 8b 0c c8 48 8b 01 ff 50 10 4c 8b
0x00007ffa549f8dc5:   f0 48 8b 74 24 30 49 8b c6 4c 8b 74 24 38 48 8b
0x00007ffa549f8dd5:   5c 24 40 48 8b 6c 24 48 48 83 c4 20 5f c3 cc cc
0x00007ffa549f8de5:   cc cc cc cc cc cc cc cc cc cc cc 85 d2 75 08 48
0x00007ffa549f8df5:   8d 05 65 f9 62 00 c3 48 8b 41 08 48 8b 48 08 48
0x00007ffa549f8e05:   8b 01 48 ff a0 80 00 00 00 cc cc 48 83 ec 28 ba
0x00007ffa549f8e15:   52 00 00 00 48 8d 0d 38 5d 46 00 e8 0b b4 c6 ff
0x00007ffa549f8e25:   cc cc cc cc cc cc cc cc cc cc cc 8b c2 48 8d 04
0x00007ffa549f8e35:   40 48 c1 e0 05 48 03 41 48 c3 cc 48 89 5c 24 08
0x00007ffa549f8e45:   57 48 83 ec 20 8b fa 48 8b d9 83 fa 05 73 17 48
0x00007ffa549f8e55:   8d 04 7f 48 c1 e0 05 48 03 41 48 48 8b 5c 24 30 


Stack slot to memory mapping:

stack at sp + 0 slots: 0x00007ffa550159a0 jvm.dll
stack at sp + 1 slots: 0x000001f9107a75e8 points into unknown readable memory: 0x00007ffa54d7ed60 | 60 ed d7 54 fa 7f 00 00
stack at sp + 2 slots: 0x000001f919755618 points into unknown readable memory: 0x00007ffa54dd7ae0 | e0 7a dd 54 fa 7f 00 00
stack at sp + 3 slots: 0x000001f91956fd20 points into unknown readable memory: 0x0001000105555455 | 55 54 55 05 01 00 01 00
stack at sp + 4 slots: 0x000001f91a007980 points into unknown readable memory: 0x0000000000000000 | 00 00 00 00 00 00 00 00
stack at sp + 5 slots: 0x00007ffa545c6642 jvm.dll
stack at sp + 6 slots: 0x000001f9107a75e8 points into unknown readable memory: 0x00007ffa54d7ed60 | 60 ed d7 54 fa 7f 00 00
stack at sp + 7 slots: 0x000001f9094f66c0 points into unknown readable memory: 0x00007ffa54e9c490 | 90 c4 e9 54 fa 7f 00 00


---------------  P R O C E S S  ---------------

Threads class SMR info:
_java_thread_list=0x000001f90fce22d0, length=43, elements={
0x000001f8b09515b0, 0x000001f8b08be3e0, 0x000001f90948ae90, 0x000001f909499ac0,
0x000001f90949a520, 0x000001f90949bdd0, 0x000001f90949d550, 0x000001f9094ac270,
0x000001f9094aef40, 0x000001f909699650, 0x000001f9097dbfd0, 0x000001f90ad25380,
0x000001f90ad43410, 0x000001f90ad43a80, 0x000001f90a64ef40, 0x000001f90f371650,
0x000001f90f4f4190, 0x000001f90f4ed2b0, 0x000001f90f26b920, 0x000001f90f26ac00,
0x000001f90f26bfb0, 0x000001f90f26d360, 0x000001f90f269ee0, 0x000001f90f26ccd0,
0x000001f90f26c640, 0x000001f90f26b290, 0x000001f90f26a570, 0x000001f90fabb520,
0x000001f90fabae90, 0x000001f90faba170, 0x000001f90fabbbb0, 0x000001f90fab9ae0,
0x000001f90faba800, 0x000001f90fabc240, 0x000001f90fabc8d0, 0x000001f90fab9450,
0x000001f90fabd5f0, 0x000001f90fac03e0, 0x000001f90fabe310, 0x000001f90fabe9a0,
0x000001f90fabf030, 0x000001f90faa07b0, 0x000001f910f8a6f0
}

Java Threads: ( => current thread )
  0x000001f8b09515b0 JavaThread "main"                              [_thread_blocked, id=23620, stack(0x000000da0fd00000,0x000000da0fe00000) (1024K)]
  0x000001f8b08be3e0 JavaThread "Reference Handler"          daemon [_thread_blocked, id=18284, stack(0x000000da10100000,0x000000da10200000) (1024K)]
  0x000001f90948ae90 JavaThread "Finalizer"                  daemon [_thread_blocked, id=7472, stack(0x000000da10200000,0x000000da10300000) (1024K)]
  0x000001f909499ac0 JavaThread "Signal Dispatcher"          daemon [_thread_blocked, id=2764, stack(0x000000da10300000,0x000000da10400000) (1024K)]
  0x000001f90949a520 JavaThread "Attach Listener"            daemon [_thread_blocked, id=2924, stack(0x000000da10400000,0x000000da10500000) (1024K)]
  0x000001f90949bdd0 JavaThread "Service Thread"             daemon [_thread_blocked, id=1800, stack(0x000000da10500000,0x000000da10600000) (1024K)]
  0x000001f90949d550 JavaThread "Monitor Deflation Thread"   daemon [_thread_blocked, id=23060, stack(0x000000da10600000,0x000000da10700000) (1024K)]
=>0x000001f9094ac270 JavaThread "C2 CompilerThread0"         daemon [_thread_in_native, id=14620, stack(0x000000da10700000,0x000000da10800000) (1024K)]
  0x000001f9094aef40 JavaThread "C1 CompilerThread0"         daemon [_thread_blocked, id=21408, stack(0x000000da10800000,0x000000da10900000) (1024K)]
  0x000001f909699650 JavaThread "Common-Cleaner"             daemon [_thread_blocked, id=22732, stack(0x000000da10900000,0x000000da10a00000) (1024K)]
  0x000001f9097dbfd0 JavaThread "Notification Thread"        daemon [_thread_blocked, id=372, stack(0x000000da10b00000,0x000000da10c00000) (1024K)]
  0x000001f90ad25380 JavaThread "Active Thread: Equinox Container: 91c247db-f271-4e16-b8fc-a76396cf0772"        [_thread_blocked, id=21336, stack(0x000000da11300000,0x000000da11400000) (1024K)]
  0x000001f90ad43410 JavaThread "Framework Event Dispatcher: Equinox Container: 91c247db-f271-4e16-b8fc-a76396cf0772" daemon [_thread_blocked, id=22212, stack(0x000000da11400000,0x000000da11500000) (1024K)]
  0x000001f90ad43a80 JavaThread "Start Level: Equinox Container: 91c247db-f271-4e16-b8fc-a76396cf0772" daemon [_thread_blocked, id=12176, stack(0x000000da11500000,0x000000da11600000) (1024K)]
  0x000001f90a64ef40 JavaThread "SCR Component Actor"        daemon [_thread_blocked, id=5080, stack(0x000000da10a00000,0x000000da10b00000) (1024K)]
  0x000001f90f371650 JavaThread "Worker-JM"                         [_thread_blocked, id=20304, stack(0x000000da11700000,0x000000da11800000) (1024K)]
  0x000001f90f4f4190 JavaThread "JNA Cleaner"                daemon [_thread_blocked, id=24200, stack(0x000000da11a00000,0x000000da11b00000) (1024K)]
  0x000001f90f4ed2b0 JavaThread "Worker-0"                          [_thread_blocked, id=21992, stack(0x000000da11b00000,0x000000da11c00000) (1024K)]
  0x000001f90f26b920 JavaThread "Worker-1"                          [_thread_blocked, id=19128, stack(0x000000da11c00000,0x000000da11d00000) (1024K)]
  0x000001f90f26ac00 JavaThread "Thread-1"                   daemon [_thread_in_native, id=10160, stack(0x000000da12100000,0x000000da12200000) (1024K)]
  0x000001f90f26bfb0 JavaThread "Thread-2"                   daemon [_thread_in_native, id=6580, stack(0x000000da12200000,0x000000da12300000) (1024K)]
  0x000001f90f26d360 JavaThread "Thread-3"                   daemon [_thread_in_native, id=15448, stack(0x000000da12300000,0x000000da12400000) (1024K)]
  0x000001f90f269ee0 JavaThread "Thread-4"                   daemon [_thread_in_native, id=24016, stack(0x000000da12400000,0x000000da12500000) (1024K)]
  0x000001f90f26ccd0 JavaThread "Thread-5"                   daemon [_thread_in_native, id=5184, stack(0x000000da12500000,0x000000da12600000) (1024K)]
  0x000001f90f26c640 JavaThread "Thread-6"                   daemon [_thread_in_native, id=20812, stack(0x000000da12600000,0x000000da12700000) (1024K)]
  0x000001f90f26b290 JavaThread "Thread-7"                   daemon [_thread_in_native, id=22864, stack(0x000000da12700000,0x000000da12800000) (1024K)]
  0x000001f90f26a570 JavaThread "Thread-8"                   daemon [_thread_in_native, id=19244, stack(0x000000da12800000,0x000000da12900000) (1024K)]
  0x000001f90fabb520 JavaThread "Thread-9"                   daemon [_thread_in_native, id=9080, stack(0x000000da12900000,0x000000da12a00000) (1024K)]
  0x000001f90fabae90 JavaThread "Thread-10"                  daemon [_thread_in_native, id=20764, stack(0x000000da12a00000,0x000000da12b00000) (1024K)]
  0x000001f90faba170 JavaThread "Thread-11"                  daemon [_thread_in_native, id=15452, stack(0x000000da12b00000,0x000000da12c00000) (1024K)]
  0x000001f90fabbbb0 JavaThread "Thread-12"                  daemon [_thread_in_native, id=18940, stack(0x000000da12c00000,0x000000da12d00000) (1024K)]
  0x000001f90fab9ae0 JavaThread "Thread-13"                  daemon [_thread_in_native, id=22140, stack(0x000000da12d00000,0x000000da12e00000) (1024K)]
  0x000001f90faba800 JavaThread "pool-2-thread-1"                   [_thread_blocked, id=21452, stack(0x000000da12e00000,0x000000da12f00000) (1024K)]
  0x000001f90fabc240 JavaThread "Worker-2"                          [_thread_blocked, id=24328, stack(0x000000da12f00000,0x000000da13000000) (1024K)]
  0x000001f90fabc8d0 JavaThread "WorkspaceEventsHandler"            [_thread_blocked, id=21924, stack(0x000000da13000000,0x000000da13100000) (1024K)]
  0x000001f90fab9450 JavaThread "pool-1-thread-1"                   [_thread_blocked, id=23864, stack(0x000000da13100000,0x000000da13200000) (1024K)]
  0x000001f90fabd5f0 JavaThread "ForkJoinPool.commonPool-worker-1" daemon [_thread_blocked, id=22628, stack(0x000000da13200000,0x000000da13300000) (1024K)]
  0x000001f90fac03e0 JavaThread "ForkJoinPool.commonPool-worker-2" daemon [_thread_in_Java, id=17944, stack(0x000000da13300000,0x000000da13400000) (1024K)]
  0x000001f90fabe310 JavaThread "ForkJoinPool.commonPool-worker-3" daemon [_thread_blocked, id=24232, stack(0x000000da13400000,0x000000da13500000) (1024K)]
  0x000001f90fabe9a0 JavaThread "Compiler Source File Reader" daemon [_thread_blocked, id=23328, stack(0x000000da13500000,0x000000da13600000) (1024K)]
  0x000001f90fabf030 JavaThread "Compiler Processing Task"   daemon [_thread_blocked, id=21344, stack(0x000000da13600000,0x000000da13700000) (1024K)]
  0x000001f90faa07b0 JavaThread "C2 CompilerThread1"         daemon [_thread_in_native, id=22376, stack(0x000000da10c00000,0x000000da10d00000) (1024K)]
  0x000001f910f8a6f0 JavaThread "C2 CompilerThread2"         daemon [_thread_in_native, id=23732, stack(0x000000da11d00000,0x000000da11e00000) (1024K)]
Total: 43

Other Threads:
  0x000001f909482a30 VMThread "VM Thread"                           [id=21696, stack(0x000000da10000000,0x000000da10100000) (1024K)]
  0x000001f8b079cb20 WatcherThread "VM Periodic Task Thread"        [id=21652, stack(0x000000da0ff00000,0x000000da10000000) (1024K)]
  0x000001f8b096e9e0 WorkerThread "GC Thread#0"                     [id=5596, stack(0x000000da0fe00000,0x000000da0ff00000) (1024K)]
  0x000001f90a8edfc0 WorkerThread "GC Thread#1"                     [id=5304, stack(0x000000da10d00000,0x000000da10e00000) (1024K)]
  0x000001f90abc4270 WorkerThread "GC Thread#2"                     [id=9580, stack(0x000000da10e00000,0x000000da10f00000) (1024K)]
  0x000001f90abc4620 WorkerThread "GC Thread#3"                     [id=16172, stack(0x000000da10f00000,0x000000da11000000) (1024K)]
  0x000001f90abc49d0 WorkerThread "GC Thread#4"                     [id=8256, stack(0x000000da11000000,0x000000da11100000) (1024K)]
  0x000001f90ad14350 WorkerThread "GC Thread#5"                     [id=10216, stack(0x000000da11100000,0x000000da11200000) (1024K)]
  0x000001f90ad14700 WorkerThread "GC Thread#6"                     [id=2700, stack(0x000000da11200000,0x000000da11300000) (1024K)]
  0x000001f90ad43020 WorkerThread "GC Thread#7"                     [id=22392, stack(0x000000da11600000,0x000000da11700000) (1024K)]
  0x000001f90f201670 WorkerThread "GC Thread#8"                     [id=24064, stack(0x000000da11800000,0x000000da11900000) (1024K)]
  0x000001f90f3ab5e0 WorkerThread "GC Thread#9"                     [id=19688, stack(0x000000da11900000,0x000000da11a00000) (1024K)]
Total: 12

Threads with active compile tasks:
C2 CompilerThread0  5072 5099       4       java.lang.reflect.AccessibleObject::verifyAccess (55 bytes)
C2 CompilerThread1  5072 5022       4       java.lang.invoke.MethodType::makeImpl (109 bytes)
C2 CompilerThread2  5072 5153       4       org.lombokweb.asm.ClassReader::<init> (359 bytes)
Total: 3

VM state: not at safepoint (normal execution)

VM Mutex/Monitor currently owned by a thread: None

Heap address: 0x0000000080000000, size: 2048 MB, Compressed Oops mode: 32-bit

CDS archive(s) mapped at: [0x000001f8c8000000-0x000001f8c8ba0000-0x000001f8c8ba0000), size 12189696, SharedBaseAddress: 0x000001f8c8000000, ArchiveRelocationMode: 1.
Compressed class space mapped at: 0x000001f8c9000000-0x000001f909000000, reserved size: 1073741824
Narrow klass base: 0x000001f8c8000000, Narrow klass shift: 0, Narrow klass range: 0x100000000

GC Precious Log:
 CardTable entry size: 512
 CPUs: 12 total, 12 available
 Memory: 32679M
 Large Page Support: Disabled
 NUMA Support: Disabled
 Compressed Oops: Enabled (32-bit)
 Alignments: Space 512K, Generation 512K, Heap 2M
 Heap Min Capacity: 100M
 Heap Initial Capacity: 100M
 Heap Max Capacity: 2G
 Pre-touch: Disabled
 Parallel Workers: 10

Heap:
 PSYoungGen      total 19968K, used 14090K [0x00000000d5580000, 0x00000000d6f00000, 0x0000000100000000)
  eden space 18944K, 69% used [0x00000000d5580000,0x00000000d6246fb0,0x00000000d6800000)
  from space 1024K, 98% used [0x00000000d6980000,0x00000000d6a7b890,0x00000000d6a80000)
  to   space 3584K, 0% used [0x00000000d6b80000,0x00000000d6b80000,0x00000000d6f00000)
 ParOldGen       total 68608K, used 31814K [0x0000000080000000, 0x0000000084300000, 0x00000000d5580000)
  object space 68608K, 46% used [0x0000000080000000,0x0000000081f11a40,0x0000000084300000)
 Metaspace       used 39699K, committed 40768K, reserved 1114112K
  class space    used 4079K, committed 4544K, reserved 1048576K

Card table byte_map: [0x000001f8b02b0000,0x000001f8b06c0000] _byte_map_base: 0x000001f8afeb0000

Marking Bits: (ParMarkBitMap*) 0x00007ffa550a3450
 Begin Bits: [0x000001f8c2dc0000, 0x000001f8c4dc0000)
 End Bits:   [0x000001f8c4dc0000, 0x000001f8c6dc0000)

Polling page: 0x000001f8ae610000

Metaspace:

Usage:
  Non-class:     34.79 MB used.
      Class:      3.98 MB used.
       Both:     38.77 MB used.

Virtual space:
  Non-class space:       64.00 MB reserved,      35.38 MB ( 55%) committed,  1 nodes.
      Class space:        1.00 GB reserved,       4.44 MB ( <1%) committed,  1 nodes.
             Both:        1.06 GB reserved,      39.81 MB (  4%) committed. 

Chunk freelists:
   Non-Class:  12.53 MB
       Class:  11.52 MB
        Both:  24.05 MB

MaxMetaspaceSize: unlimited
CompressedClassSpaceSize: 1.00 GB
Initial GC threshold: 21.00 MB
Current GC threshold: 58.38 MB
CDS: on
 - commit_granule_bytes: 65536.
 - commit_granule_words: 8192.
 - virtual_space_node_default_size: 8388608.
 - enlarge_chunks_in_place: 1.
 - use_allocation_guard: 0.


Internal statistics:

num_allocs_failed_limit: 6.
num_arena_births: 892.
num_arena_deaths: 144.
num_vsnodes_births: 2.
num_vsnodes_deaths: 0.
num_space_committed: 637.
num_space_uncommitted: 0.
num_chunks_returned_to_freelist: 196.
num_chunks_taken_from_freelist: 2718.
num_chunk_merges: 65.
num_chunk_splits: 1624.
num_chunks_enlarged: 955.
num_inconsistent_stats: 0.

CodeHeap 'non-profiled nmethods': size=120000Kb used=2670Kb max_used=2670Kb free=117329Kb
 bounds [0x000001f8bb5e0000, 0x000001f8bb880000, 0x000001f8c2b10000]
CodeHeap 'profiled nmethods': size=120000Kb used=9398Kb max_used=9398Kb free=110601Kb
 bounds [0x000001f8b3b10000, 0x000001f8b4440000, 0x000001f8bb040000]
CodeHeap 'non-nmethods': size=5760Kb used=1402Kb max_used=1452Kb free=4357Kb
 bounds [0x000001f8bb040000, 0x000001f8bb2b0000, 0x000001f8bb5e0000]
CodeCache: size=245760Kb, used=13470Kb, max_used=13520Kb, free=232287Kb
 total_blobs=5452, nmethods=4743, adapters=615, full_count=0
Compilation: enabled, stopped_count=0, restarted_count=0

Compilation events (20 events):
Event: 4.978 Thread 0x000001f9094aef40 5127       3       java.util.regex.Pattern$Loop::match (196 bytes)
Event: 4.978 Thread 0x000001f9094aef40 nmethod 5127 0x000001f8b4411090 code [0x000001f8b4411300, 0x000001f8b4411bf0]
Event: 4.978 Thread 0x000001f9094aef40 5128       3       java.util.regex.IntHashSet::contains (44 bytes)
Event: 4.979 Thread 0x000001f9094aef40 nmethod 5128 0x000001f8b4412010 code [0x000001f8b44121c0, 0x000001f8b4412468]
Event: 4.980 Thread 0x000001f9094aef40 5130       3       org.lombokweb.asm.SymbolTable::addConstantMethodHandle (51 bytes)
Event: 4.980 Thread 0x000001f9094aef40 nmethod 5130 0x000001f8b4412610 code [0x000001f8b4412820, 0x000001f8b4412c90]
Event: 4.980 Thread 0x000001f9094aef40 5131 %     3       org.lombokweb.asm.ClassReader::getFirstAttributeOffset @ 85 (136 bytes)
Event: 4.980 Thread 0x000001f9094aef40 nmethod 5131% 0x000001f8b4412f90 code [0x000001f8b44131e0, 0x000001f8b44138b0]
Event: 4.980 Thread 0x000001f9094aef40 5132       3       org.lombokweb.asm.Type::getMethodType (16 bytes)
Event: 4.981 Thread 0x000001f9094aef40 nmethod 5132 0x000001f8b4413b90 code [0x000001f8b4413d60, 0x000001f8b4414090]
Event: 4.983 Thread 0x000001f9094aef40 5134       3       java.util.regex.IntHashSet::<init> (42 bytes)
Event: 4.983 Thread 0x000001f9094aef40 nmethod 5134 0x000001f8b4414210 code [0x000001f8b44143e0, 0x000001f8b4414720]
Event: 4.983 Thread 0x000001f9094aef40 5135       3       lombok.patcher.scripts.WrapReturnValuesScript$WrapReturnValues::visitInsn (283 bytes)
Event: 4.985 Thread 0x000001f9094aef40 nmethod 5135 0x000001f8b4414810 code [0x000001f8b4414c20, 0x000001f8b4416828]
Event: 4.985 Thread 0x000001f9094aef40 5136       3       org.lombokweb.asm.ByteVector::enlarge (73 bytes)
Event: 4.985 Thread 0x000001f9094aef40 nmethod 5136 0x000001f8b4417210 code [0x000001f8b44173e0, 0x000001f8b44177c8]
Event: 4.985 Thread 0x000001f9094aef40 5138       3       java.util.regex.Pattern$Loop::matchInit (156 bytes)
Event: 4.985 Thread 0x000001f9094aef40 nmethod 5138 0x000001f8b4417910 code [0x000001f8b4417b40, 0x000001f8b4418440]
Event: 4.985 Thread 0x000001f9094aef40 5137       1       lombok.patcher.scripts.WrapReturnValuesScript::access$4 (5 bytes)
Event: 4.985 Thread 0x000001f9094aef40 nmethod 5137 0x000001f8bb6e4490 code [0x000001f8bb6e4620, 0x000001f8bb6e46d0]

GC Heap History (20 events):
Event: 3.597 GC heap before
{Heap before GC invocations=14 (full 1):
 PSYoungGen      total 23552K, used 23522K [0x00000000d5580000, 0x00000000d7500000, 0x0000000100000000)
  eden space 20992K, 100% used [0x00000000d5580000,0x00000000d6a00000,0x00000000d6a00000)
  from space 2560K, 98% used [0x00000000d6f00000,0x00000000d7178880,0x00000000d7180000)
  to   space 5120K, 0% used [0x00000000d6a00000,0x00000000d6a00000,0x00000000d6f00000)
 ParOldGen       total 68608K, used 18562K [0x0000000080000000, 0x0000000084300000, 0x00000000d5580000)
  object space 68608K, 27% used [0x0000000080000000,0x0000000081220948,0x0000000084300000)
 Metaspace       used 32414K, committed 33472K, reserved 1114112K
  class space    used 3312K, committed 3776K, reserved 1048576K
}
Event: 3.600 GC heap after
{Heap after GC invocations=14 (full 1):
 PSYoungGen      total 23552K, used 2208K [0x00000000d5580000, 0x00000000d7000000, 0x0000000100000000)
  eden space 20992K, 0% used [0x00000000d5580000,0x00000000d5580000,0x00000000d6a00000)
  from space 2560K, 86% used [0x00000000d6a00000,0x00000000d6c28000,0x00000000d6c80000)
  to   space 3072K, 0% used [0x00000000d6d00000,0x00000000d6d00000,0x00000000d7000000)
 ParOldGen       total 68608K, used 21045K [0x0000000080000000, 0x0000000084300000, 0x00000000d5580000)
  object space 68608K, 30% used [0x0000000080000000,0x000000008148d668,0x0000000084300000)
 Metaspace       used 32414K, committed 33472K, reserved 1114112K
  class space    used 3312K, committed 3776K, reserved 1048576K
}
Event: 3.635 GC heap before
{Heap before GC invocations=15 (full 1):
 PSYoungGen      total 23552K, used 23199K [0x00000000d5580000, 0x00000000d7000000, 0x0000000100000000)
  eden space 20992K, 99% used [0x00000000d5580000,0x00000000d69ffff8,0x00000000d6a00000)
  from space 2560K, 86% used [0x00000000d6a00000,0x00000000d6c28000,0x00000000d6c80000)
  to   space 3072K, 0% used [0x00000000d6d00000,0x00000000d6d00000,0x00000000d7000000)
 ParOldGen       total 68608K, used 21045K [0x0000000080000000, 0x0000000084300000, 0x00000000d5580000)
  object space 68608K, 30% used [0x0000000080000000,0x000000008148d668,0x0000000084300000)
 Metaspace       used 32431K, committed 33472K, reserved 1114112K
  class space    used 3313K, committed 3776K, reserved 1048576K
}
Event: 3.638 GC heap after
{Heap after GC invocations=15 (full 1):
 PSYoungGen      total 23552K, used 2052K [0x00000000d5580000, 0x00000000d6f80000, 0x0000000100000000)
  eden space 20992K, 0% used [0x00000000d5580000,0x00000000d5580000,0x00000000d6a00000)
  from space 2560K, 80% used [0x00000000d6d00000,0x00000000d6f01000,0x00000000d6f80000)
  to   space 2560K, 0% used [0x00000000d6a00000,0x00000000d6a00000,0x00000000d6c80000)
 ParOldGen       total 68608K, used 23148K [0x0000000080000000, 0x0000000084300000, 0x00000000d5580000)
  object space 68608K, 33% used [0x0000000080000000,0x000000008169b018,0x0000000084300000)
 Metaspace       used 32431K, committed 33472K, reserved 1114112K
  class space    used 3313K, committed 3776K, reserved 1048576K
}
Event: 3.682 GC heap before
{Heap before GC invocations=16 (full 1):
 PSYoungGen      total 23552K, used 23044K [0x00000000d5580000, 0x00000000d6f80000, 0x0000000100000000)
  eden space 20992K, 100% used [0x00000000d5580000,0x00000000d6a00000,0x00000000d6a00000)
  from space 2560K, 80% used [0x00000000d6d00000,0x00000000d6f01000,0x00000000d6f80000)
  to   space 2560K, 0% used [0x00000000d6a00000,0x00000000d6a00000,0x00000000d6c80000)
 ParOldGen       total 68608K, used 23148K [0x0000000080000000, 0x0000000084300000, 0x00000000d5580000)
  object space 68608K, 33% used [0x0000000080000000,0x000000008169b018,0x0000000084300000)
 Metaspace       used 32468K, committed 33536K, reserved 1114112K
  class space    used 3313K, committed 3776K, reserved 1048576K
}
Event: 3.685 GC heap after
{Heap after GC invocations=16 (full 1):
 PSYoungGen      total 23552K, used 2272K [0x00000000d5580000, 0x00000000d6f00000, 0x0000000100000000)
  eden space 20992K, 0% used [0x00000000d5580000,0x00000000d5580000,0x00000000d6a00000)
  from space 2560K, 88% used [0x00000000d6a00000,0x00000000d6c38010,0x00000000d6c80000)
  to   space 2560K, 0% used [0x00000000d6c80000,0x00000000d6c80000,0x00000000d6f00000)
 ParOldGen       total 68608K, used 25009K [0x0000000080000000, 0x0000000084300000, 0x00000000d5580000)
  object space 68608K, 36% used [0x0000000080000000,0x000000008186c640,0x0000000084300000)
 Metaspace       used 32468K, committed 33536K, reserved 1114112K
  class space    used 3313K, committed 3776K, reserved 1048576K
}
Event: 3.723 GC heap before
{Heap before GC invocations=17 (full 1):
 PSYoungGen      total 23552K, used 23264K [0x00000000d5580000, 0x00000000d6f00000, 0x0000000100000000)
  eden space 20992K, 100% used [0x00000000d5580000,0x00000000d6a00000,0x00000000d6a00000)
  from space 2560K, 88% used [0x00000000d6a00000,0x00000000d6c38010,0x00000000d6c80000)
  to   space 2560K, 0% used [0x00000000d6c80000,0x00000000d6c80000,0x00000000d6f00000)
 ParOldGen       total 68608K, used 25009K [0x0000000080000000, 0x0000000084300000, 0x00000000d5580000)
  object space 68608K, 36% used [0x0000000080000000,0x000000008186c640,0x0000000084300000)
 Metaspace       used 32574K, committed 33600K, reserved 1114112K
  class space    used 3315K, committed 3776K, reserved 1048576K
}
Event: 3.726 GC heap after
{Heap after GC invocations=17 (full 1):
 PSYoungGen      total 23552K, used 2008K [0x00000000d5580000, 0x00000000d6f00000, 0x0000000100000000)
  eden space 20992K, 0% used [0x00000000d5580000,0x00000000d5580000,0x00000000d6a00000)
  from space 2560K, 78% used [0x00000000d6c80000,0x00000000d6e76200,0x00000000d6f00000)
  to   space 2560K, 0% used [0x00000000d6a00000,0x00000000d6a00000,0x00000000d6c80000)
 ParOldGen       total 68608K, used 27137K [0x0000000080000000, 0x0000000084300000, 0x00000000d5580000)
  object space 68608K, 39% used [0x0000000080000000,0x0000000081a80650,0x0000000084300000)
 Metaspace       used 32574K, committed 33600K, reserved 1114112K
  class space    used 3315K, committed 3776K, reserved 1048576K
}
Event: 3.790 GC heap before
{Heap before GC invocations=18 (full 1):
 PSYoungGen      total 23552K, used 23000K [0x00000000d5580000, 0x00000000d6f00000, 0x0000000100000000)
  eden space 20992K, 100% used [0x00000000d5580000,0x00000000d6a00000,0x00000000d6a00000)
  from space 2560K, 78% used [0x00000000d6c80000,0x00000000d6e76200,0x00000000d6f00000)
  to   space 2560K, 0% used [0x00000000d6a00000,0x00000000d6a00000,0x00000000d6c80000)
 ParOldGen       total 68608K, used 27137K [0x0000000080000000, 0x0000000084300000, 0x00000000d5580000)
  object space 68608K, 39% used [0x0000000080000000,0x0000000081a80650,0x0000000084300000)
 Metaspace       used 33278K, committed 34368K, reserved 1114112K
  class space    used 3410K, committed 3904K, reserved 1048576K
}
Event: 3.793 GC heap after
{Heap after GC invocations=18 (full 1):
 PSYoungGen      total 23040K, used 1539K [0x00000000d5580000, 0x00000000d6e00000, 0x0000000100000000)
  eden space 20992K, 0% used [0x00000000d5580000,0x00000000d5580000,0x00000000d6a00000)
  from space 2048K, 75% used [0x00000000d6a00000,0x00000000d6b80d78,0x00000000d6c00000)
  to   space 2048K, 0% used [0x00000000d6c00000,0x00000000d6c00000,0x00000000d6e00000)
 ParOldGen       total 68608K, used 28970K [0x0000000080000000, 0x0000000084300000, 0x00000000d5580000)
  object space 68608K, 42% used [0x0000000080000000,0x0000000081c4a850,0x0000000084300000)
 Metaspace       used 33278K, committed 34368K, reserved 1114112K
  class space    used 3410K, committed 3904K, reserved 1048576K
}
Event: 3.966 GC heap before
{Heap before GC invocations=19 (full 1):
 PSYoungGen      total 23040K, used 14870K [0x00000000d5580000, 0x00000000d6e00000, 0x0000000100000000)
  eden space 20992K, 63% used [0x00000000d5580000,0x00000000d6284ce0,0x00000000d6a00000)
  from space 2048K, 75% used [0x00000000d6a00000,0x00000000d6b80d78,0x00000000d6c00000)
  to   space 2048K, 0% used [0x00000000d6c00000,0x00000000d6c00000,0x00000000d6e00000)
 ParOldGen       total 68608K, used 28970K [0x0000000080000000, 0x0000000084300000, 0x00000000d5580000)
  object space 68608K, 42% used [0x0000000080000000,0x0000000081c4a850,0x0000000084300000)
 Metaspace       used 34809K, committed 35840K, reserved 1114112K
  class space    used 3591K, committed 4032K, reserved 1048576K
}
Event: 3.968 GC heap after
{Heap after GC invocations=19 (full 1):
 PSYoungGen      total 20992K, used 2028K [0x00000000d5580000, 0x00000000d7200000, 0x0000000100000000)
  eden space 18944K, 0% used [0x00000000d5580000,0x00000000d5580000,0x00000000d6800000)
  from space 2048K, 99% used [0x00000000d6c00000,0x00000000d6dfb3b8,0x00000000d6e00000)
  to   space 4096K, 0% used [0x00000000d6800000,0x00000000d6800000,0x00000000d6c00000)
 ParOldGen       total 68608K, used 30299K [0x0000000080000000, 0x0000000084300000, 0x00000000d5580000)
  object space 68608K, 44% used [0x0000000080000000,0x0000000081d96d80,0x0000000084300000)
 Metaspace       used 34809K, committed 35840K, reserved 1114112K
  class space    used 3591K, committed 4032K, reserved 1048576K
}
Event: 3.968 GC heap before
{Heap before GC invocations=20 (full 2):
 PSYoungGen      total 20992K, used 2028K [0x00000000d5580000, 0x00000000d7200000, 0x0000000100000000)
  eden space 18944K, 0% used [0x00000000d5580000,0x00000000d5580000,0x00000000d6800000)
  from space 2048K, 99% used [0x00000000d6c00000,0x00000000d6dfb3b8,0x00000000d6e00000)
  to   space 4096K, 0% used [0x00000000d6800000,0x00000000d6800000,0x00000000d6c00000)
 ParOldGen       total 68608K, used 30299K [0x0000000080000000, 0x0000000084300000, 0x00000000d5580000)
  object space 68608K, 44% used [0x0000000080000000,0x0000000081d96d80,0x0000000084300000)
 Metaspace       used 34809K, committed 35840K, reserved 1114112K
  class space    used 3591K, committed 4032K, reserved 1048576K
}
Event: 4.000 GC heap after
{Heap after GC invocations=20 (full 2):
 PSYoungGen      total 20992K, used 0K [0x00000000d5580000, 0x00000000d7200000, 0x0000000100000000)
  eden space 18944K, 0% used [0x00000000d5580000,0x00000000d5580000,0x00000000d6800000)
  from space 2048K, 0% used [0x00000000d6c00000,0x00000000d6c00000,0x00000000d6e00000)
  to   space 4096K, 0% used [0x00000000d6800000,0x00000000d6800000,0x00000000d6c00000)
 ParOldGen       total 68608K, used 29602K [0x0000000080000000, 0x0000000084300000, 0x00000000d5580000)
  object space 68608K, 43% used [0x0000000080000000,0x0000000081ce8818,0x0000000084300000)
 Metaspace       used 34694K, committed 35840K, reserved 1114112K
  class space    used 3558K, committed 4032K, reserved 1048576K
}
Event: 4.153 GC heap before
{Heap before GC invocations=21 (full 2):
 PSYoungGen      total 20992K, used 18941K [0x00000000d5580000, 0x00000000d7200000, 0x0000000100000000)
  eden space 18944K, 99% used [0x00000000d5580000,0x00000000d67ff5c0,0x00000000d6800000)
  from space 2048K, 0% used [0x00000000d6c00000,0x00000000d6c00000,0x00000000d6e00000)
  to   space 4096K, 0% used [0x00000000d6800000,0x00000000d6800000,0x00000000d6c00000)
 ParOldGen       total 68608K, used 29602K [0x0000000080000000, 0x0000000084300000, 0x00000000d5580000)
  object space 68608K, 43% used [0x0000000080000000,0x0000000081ce8818,0x0000000084300000)
 Metaspace       used 36075K, committed 37056K, reserved 1114112K
  class space    used 3715K, committed 4160K, reserved 1048576K
}
Event: 4.154 GC heap after
{Heap after GC invocations=21 (full 2):
 PSYoungGen      total 19456K, used 504K [0x00000000d5580000, 0x00000000d6c80000, 0x0000000100000000)
  eden space 18944K, 0% used [0x00000000d5580000,0x00000000d5580000,0x00000000d6800000)
  from space 512K, 98% used [0x00000000d6800000,0x00000000d687e010,0x00000000d6880000)
  to   space 2048K, 0% used [0x00000000d6a80000,0x00000000d6a80000,0x00000000d6c80000)
 ParOldGen       total 68608K, used 29610K [0x0000000080000000, 0x0000000084300000, 0x00000000d5580000)
  object space 68608K, 43% used [0x0000000080000000,0x0000000081cea818,0x0000000084300000)
 Metaspace       used 36075K, committed 37056K, reserved 1114112K
  class space    used 3715K, committed 4160K, reserved 1048576K
}
Event: 4.402 GC heap before
{Heap before GC invocations=22 (full 2):
 PSYoungGen      total 19456K, used 19378K [0x00000000d5580000, 0x00000000d6c80000, 0x0000000100000000)
  eden space 18944K, 99% used [0x00000000d5580000,0x00000000d67eeab0,0x00000000d6800000)
  from space 512K, 98% used [0x00000000d6800000,0x00000000d687e010,0x00000000d6880000)
  to   space 2048K, 0% used [0x00000000d6a80000,0x00000000d6a80000,0x00000000d6c80000)
 ParOldGen       total 68608K, used 29610K [0x0000000080000000, 0x0000000084300000, 0x00000000d5580000)
  object space 68608K, 43% used [0x0000000080000000,0x0000000081cea818,0x0000000084300000)
 Metaspace       used 37653K, committed 38656K, reserved 1114112K
  class space    used 3890K, committed 4352K, reserved 1048576K
}
Event: 4.403 GC heap after
{Heap after GC invocations=22 (full 2):
 PSYoungGen      total 19968K, used 800K [0x00000000d5580000, 0x00000000d6b80000, 0x0000000100000000)
  eden space 18944K, 0% used [0x00000000d5580000,0x00000000d5580000,0x00000000d6800000)
  from space 1024K, 78% used [0x00000000d6a80000,0x00000000d6b48010,0x00000000d6b80000)
  to   space 1024K, 0% used [0x00000000d6980000,0x00000000d6980000,0x00000000d6a80000)
 ParOldGen       total 68608K, used 29906K [0x0000000080000000, 0x0000000084300000, 0x00000000d5580000)
  object space 68608K, 43% used [0x0000000080000000,0x0000000081d34828,0x0000000084300000)
 Metaspace       used 37653K, committed 38656K, reserved 1114112K
  class space    used 3890K, committed 4352K, reserved 1048576K
}
Event: 4.968 GC heap before
{Heap before GC invocations=23 (full 2):
 PSYoungGen      total 19968K, used 19744K [0x00000000d5580000, 0x00000000d6b80000, 0x0000000100000000)
  eden space 18944K, 100% used [0x00000000d5580000,0x00000000d6800000,0x00000000d6800000)
  from space 1024K, 78% used [0x00000000d6a80000,0x00000000d6b48010,0x00000000d6b80000)
  to   space 1024K, 0% used [0x00000000d6980000,0x00000000d6980000,0x00000000d6a80000)
 ParOldGen       total 68608K, used 29906K [0x0000000080000000, 0x0000000084300000, 0x00000000d5580000)
  object space 68608K, 43% used [0x0000000080000000,0x0000000081d34828,0x0000000084300000)
 Metaspace       used 39675K, committed 40704K, reserved 1114112K
  class space    used 4079K, committed 4544K, reserved 1048576K
}
Event: 4.970 GC heap after
{Heap after GC invocations=23 (full 2):
 PSYoungGen      total 19968K, used 1006K [0x00000000d5580000, 0x00000000d6f00000, 0x0000000100000000)
  eden space 18944K, 0% used [0x00000000d5580000,0x00000000d5580000,0x00000000d6800000)
  from space 1024K, 98% used [0x00000000d6980000,0x00000000d6a7b890,0x00000000d6a80000)
  to   space 3584K, 0% used [0x00000000d6b80000,0x00000000d6b80000,0x00000000d6f00000)
 ParOldGen       total 68608K, used 31814K [0x0000000080000000, 0x0000000084300000, 0x00000000d5580000)
  object space 68608K, 46% used [0x0000000080000000,0x0000000081f11a40,0x0000000084300000)
 Metaspace       used 39675K, committed 40704K, reserved 1114112K
  class space    used 4079K, committed 4544K, reserved 1048576K
}

Dll operation events (10 events):
Event: 0.008 Loaded shared library c:\Users\osaka\.vscode\extensions\redhat.java-1.54.0-win32-x64\jre\21.0.10-win32-x86_64\bin\java.dll
Event: 0.058 Loaded shared library c:\Users\osaka\.vscode\extensions\redhat.java-1.54.0-win32-x64\jre\21.0.10-win32-x86_64\bin\zip.dll
Event: 0.077 Loaded shared library C:\Users\osaka\.vscode\extensions\redhat.java-1.54.0-win32-x64\jre\21.0.10-win32-x86_64\bin\instrument.dll
Event: 0.082 Loaded shared library C:\Users\osaka\.vscode\extensions\redhat.java-1.54.0-win32-x64\jre\21.0.10-win32-x86_64\bin\net.dll
Event: 0.084 Loaded shared library C:\Users\osaka\.vscode\extensions\redhat.java-1.54.0-win32-x64\jre\21.0.10-win32-x86_64\bin\nio.dll
Event: 0.088 Loaded shared library C:\Users\osaka\.vscode\extensions\redhat.java-1.54.0-win32-x64\jre\21.0.10-win32-x86_64\bin\zip.dll
Event: 0.104 Loaded shared library C:\Users\osaka\.vscode\extensions\redhat.java-1.54.0-win32-x64\jre\21.0.10-win32-x86_64\bin\jimage.dll
Event: 0.167 Loaded shared library c:\Users\osaka\.vscode\extensions\redhat.java-1.54.0-win32-x64\jre\21.0.10-win32-x86_64\bin\verify.dll
Event: 1.165 Loaded shared library C:\Users\osaka\AppData\Roaming\Code\User\globalStorage\redhat.java\1.54.0\config_ss_win\org.eclipse.equinox.launcher\org.eclipse.equinox.launcher.win32.win32.x86_64_1.3.0.v20260203-2149\eclipse_11919.dll
Event: 2.113 Loaded shared library C:\Users\osaka\AppData\Local\Temp\jna-106033427\jna15440059641580134956.dll

Deoptimization events (20 events):
Event: 4.983 Thread 0x000001f90fac03e0 Uncommon trap: trap_request=0xffffffde fr.pc=0x000001f8bb74c9ec relative=0x0000000000006a8c
Event: 4.983 Thread 0x000001f90fac03e0 Uncommon trap: reason=class_check action=maybe_recompile pc=0x000001f8bb74c9ec method=lombok.patcher.PatchScript$MethodPatcher.visitMethod(ILjava/lang/String;Ljava/lang/String;Ljava/lang/String;[Ljava/lang/String;)Lorg/lombokweb/asm/MethodVisitor; @ 101 c
Event: 4.983 Thread 0x000001f90fac03e0 DEOPT PACKING pc=0x000001f8bb74c9ec sp=0x000000da133fba10
Event: 4.983 Thread 0x000001f90fac03e0 DEOPT UNPACKING pc=0x000001f8bb093aa2 sp=0x000000da133fb978 mode 2
Event: 4.983 Thread 0x000001f90fac03e0 Uncommon trap: trap_request=0xffffffde fr.pc=0x000001f8bb74c9ec relative=0x0000000000006a8c
Event: 4.983 Thread 0x000001f90fac03e0 Uncommon trap: reason=class_check action=maybe_recompile pc=0x000001f8bb74c9ec method=lombok.patcher.PatchScript$MethodPatcher.visitMethod(ILjava/lang/String;Ljava/lang/String;Ljava/lang/String;[Ljava/lang/String;)Lorg/lombokweb/asm/MethodVisitor; @ 101 c
Event: 4.983 Thread 0x000001f90fac03e0 DEOPT PACKING pc=0x000001f8bb74c9ec sp=0x000000da133fba10
Event: 4.983 Thread 0x000001f90fac03e0 DEOPT UNPACKING pc=0x000001f8bb093aa2 sp=0x000000da133fb978 mode 2
Event: 4.983 Thread 0x000001f90fac03e0 Uncommon trap: trap_request=0xffffffde fr.pc=0x000001f8bb74c9ec relative=0x0000000000006a8c
Event: 4.983 Thread 0x000001f90fac03e0 Uncommon trap: reason=class_check action=maybe_recompile pc=0x000001f8bb74c9ec method=lombok.patcher.PatchScript$MethodPatcher.visitMethod(ILjava/lang/String;Ljava/lang/String;Ljava/lang/String;[Ljava/lang/String;)Lorg/lombokweb/asm/MethodVisitor; @ 101 c
Event: 4.983 Thread 0x000001f90fac03e0 DEOPT PACKING pc=0x000001f8bb74c9ec sp=0x000000da133fba10
Event: 4.983 Thread 0x000001f90fac03e0 DEOPT UNPACKING pc=0x000001f8bb093aa2 sp=0x000000da133fb978 mode 2
Event: 4.983 Thread 0x000001f90fac03e0 Uncommon trap: trap_request=0xffffffde fr.pc=0x000001f8bb74c9ec relative=0x0000000000006a8c
Event: 4.983 Thread 0x000001f90fac03e0 Uncommon trap: reason=class_check action=maybe_recompile pc=0x000001f8bb74c9ec method=lombok.patcher.PatchScript$MethodPatcher.visitMethod(ILjava/lang/String;Ljava/lang/String;Ljava/lang/String;[Ljava/lang/String;)Lorg/lombokweb/asm/MethodVisitor; @ 101 c
Event: 4.983 Thread 0x000001f90fac03e0 DEOPT PACKING pc=0x000001f8bb74c9ec sp=0x000000da133fba10
Event: 4.983 Thread 0x000001f90fac03e0 DEOPT UNPACKING pc=0x000001f8bb093aa2 sp=0x000000da133fb978 mode 2
Event: 4.983 Thread 0x000001f90fac03e0 Uncommon trap: trap_request=0xffffffde fr.pc=0x000001f8bb721030 relative=0x0000000000000ff0
Event: 4.983 Thread 0x000001f90fac03e0 Uncommon trap: reason=class_check action=maybe_recompile pc=0x000001f8bb721030 method=lombok.patcher.PatchScript$MethodPatcher.visitMethod(ILjava/lang/String;Ljava/lang/String;Ljava/lang/String;[Ljava/lang/String;)Lorg/lombokweb/asm/MethodVisitor; @ 101 c
Event: 4.983 Thread 0x000001f90fac03e0 DEOPT PACKING pc=0x000001f8bb721030 sp=0x000000da133fb990
Event: 4.983 Thread 0x000001f90fac03e0 DEOPT UNPACKING pc=0x000001f8bb093aa2 sp=0x000000da133fb978 mode 2

Classes loaded (20 events):
Event: 4.486 Loading class sun/util/logging/resources/logging_es
Event: 4.486 Loading class sun/util/logging/resources/logging_es done
Event: 4.487 Loading class sun/util/logging/resources/logging_es_CL
Event: 4.487 Loading class sun/util/logging/resources/logging_es_CL done
Event: 4.487 Loading class sun/util/logging/resources/logging_es_CL
Event: 4.487 Loading class sun/util/logging/resources/logging_es_CL done
Event: 4.487 Loading class java/util/Formatter$DateTime
Event: 4.487 Loading class java/util/Formatter$DateTime done
Event: 4.487 Loading class java/time/ZonedDateTime$1
Event: 4.487 Loading class java/time/ZonedDateTime$1 done
Event: 4.552 Loading class java/util/AbstractList$RandomAccessSubList
Event: 4.552 Loading class java/util/AbstractList$SubList
Event: 4.552 Loading class java/util/AbstractList$SubList done
Event: 4.552 Loading class java/util/AbstractList$RandomAccessSubList done
Event: 4.553 Loading class java/util/AbstractList$SubList$1
Event: 4.553 Loading class java/util/AbstractList$SubList$1 done
Event: 4.891 Loading class java/io/FileReader
Event: 4.891 Loading class java/io/FileReader done
Event: 4.891 Loading class java/lang/UnsupportedClassVersionError
Event: 4.891 Loading class java/lang/UnsupportedClassVersionError done

Classes unloaded (20 events):
Event: 3.976 Thread 0x000001f909482a30 Unloading class 0x000001f8c938a400 'java/lang/invoke/LambdaForm$MH+0x000001f8c938a400'
Event: 3.976 Thread 0x000001f909482a30 Unloading class 0x000001f8c938a000 'java/lang/invoke/LambdaForm$MH+0x000001f8c938a000'
Event: 3.976 Thread 0x000001f909482a30 Unloading class 0x000001f8c9389c00 'java/lang/invoke/LambdaForm$MH+0x000001f8c9389c00'
Event: 3.976 Thread 0x000001f909482a30 Unloading class 0x000001f8c9389800 'java/lang/invoke/LambdaForm$MH+0x000001f8c9389800'
Event: 3.976 Thread 0x000001f909482a30 Unloading class 0x000001f8c9389400 'java/lang/invoke/LambdaForm$MH+0x000001f8c9389400'
Event: 3.976 Thread 0x000001f909482a30 Unloading class 0x000001f8c9388800 'java/lang/invoke/LambdaForm$MH+0x000001f8c9388800'
Event: 3.976 Thread 0x000001f909482a30 Unloading class 0x000001f8c9388400 'java/lang/invoke/LambdaForm$MH+0x000001f8c9388400'
Event: 3.976 Thread 0x000001f909482a30 Unloading class 0x000001f8c9388000 'java/lang/invoke/LambdaForm$MH+0x000001f8c9388000'
Event: 3.976 Thread 0x000001f909482a30 Unloading class 0x000001f8c9387800 'java/lang/invoke/LambdaForm$MH+0x000001f8c9387800'
Event: 3.976 Thread 0x000001f909482a30 Unloading class 0x000001f8c9387400 'java/lang/invoke/LambdaForm$MH+0x000001f8c9387400'
Event: 3.976 Thread 0x000001f909482a30 Unloading class 0x000001f8c9387000 'java/lang/invoke/LambdaForm$MH+0x000001f8c9387000'
Event: 3.976 Thread 0x000001f909482a30 Unloading class 0x000001f8c9386800 'java/lang/invoke/LambdaForm$MH+0x000001f8c9386800'
Event: 3.976 Thread 0x000001f909482a30 Unloading class 0x000001f8c9386400 'java/lang/invoke/LambdaForm$MH+0x000001f8c9386400'
Event: 3.976 Thread 0x000001f909482a30 Unloading class 0x000001f8c9386000 'java/lang/invoke/LambdaForm$MH+0x000001f8c9386000'
Event: 3.976 Thread 0x000001f909482a30 Unloading class 0x000001f8c9385c00 'java/lang/invoke/LambdaForm$MH+0x000001f8c9385c00'
Event: 3.976 Thread 0x000001f909482a30 Unloading class 0x000001f8c9385800 'java/lang/invoke/LambdaForm$MH+0x000001f8c9385800'
Event: 3.976 Thread 0x000001f909482a30 Unloading class 0x000001f8c9385000 'java/lang/invoke/LambdaForm$MH+0x000001f8c9385000'
Event: 3.976 Thread 0x000001f909482a30 Unloading class 0x000001f8c9384800 'java/lang/invoke/LambdaForm$DMH+0x000001f8c9384800'
Event: 3.976 Thread 0x000001f909482a30 Unloading class 0x000001f8c9384c00 'java/lang/invoke/LambdaForm$DMH+0x000001f8c9384c00'
Event: 3.976 Thread 0x000001f909482a30 Unloading class 0x000001f8c9384400 'java/lang/invoke/LambdaForm$DMH+0x000001f8c9384400'

Classes redefined (0 events):
No events

Internal exceptions (20 events):
Event: 3.931 Thread 0x000001f90fab9450 Exception <a 'java/io/FileNotFoundException'{0x00000000d5de1b10}> (0x00000000d5de1b10) 
thrown [s\src\hotspot\share\prims\jni.cpp, line 520]
Event: 3.932 Thread 0x000001f90fab9450 Exception <a 'java/io/FileNotFoundException'{0x00000000d5de2df0}> (0x00000000d5de2df0) 
thrown [s\src\hotspot\share\prims\jni.cpp, line 520]
Event: 3.932 Thread 0x000001f90fab9450 Exception <a 'java/io/FileNotFoundException'{0x00000000d5de3e40}> (0x00000000d5de3e40) 
thrown [s\src\hotspot\share\prims\jni.cpp, line 520]
Event: 3.944 Thread 0x000001f90fabe310 Exception <a 'java/lang/LinkageError'{0x00000000d5fd5da0}: loader lombok.launch.ShadowClassLoader @3430ff07 attempted duplicate class definition for lombok.launch.PatchFixesHider$Transform. (lombok.launch.PatchFixesHider$Transform is in unnamed module of loader lombok.launch.ShadowClassLoader @3430ff07, parent loader org.eclipse.osgi.internal.loader.EquinoxClassLoader @69920040)> (0x00000000d5fd5da0) 
thrown [s\src\hotspot\share\classfile\systemDictionary.cpp, line 1672]
Event: 3.944 Thread 0x000001f90fabd5f0 Exception <a 'java/lang/LinkageError'{0x00000000d5fec500}: loader lombok.launch.ShadowClassLoader @3430ff07 attempted duplicate class definition for lombok.launch.PatchFixesHider$Transform. (lombok.launch.PatchFixesHider$Transform is in unnamed module of loader lombok.launch.ShadowClassLoader @3430ff07, parent loader org.eclipse.osgi.internal.loader.EquinoxClassLoader @69920040)> (0x00000000d5fec500) 
thrown [s\src\hotspot\share\classfile\systemDictionary.cpp, line 1672]
Event: 3.944 Thread 0x000001f90fab9450 Exception <a 'java/lang/LinkageError'{0x00000000d5ff9cc8}: loader lombok.launch.ShadowClassLoader @3430ff07 attempted duplicate class definition for lombok.launch.PatchFixesHider$Transform. (lombok.launch.PatchFixesHider$Transform is in unnamed module of loader lombok.launch.ShadowClassLoader @3430ff07, parent loader org.eclipse.osgi.internal.loader.EquinoxClassLoader @69920040)> (0x00000000d5ff9cc8) 
thrown [s\src\hotspot\share\classfile\systemDictionary.cpp, line 1672]
Event: 3.954 Thread 0x000001f90f26b920 Exception <a 'java/io/FileNotFoundException'{0x00000000d60ddea0}> (0x00000000d60ddea0) 
thrown [s\src\hotspot\share\prims\jni.cpp, line 520]
Event: 3.954 Thread 0x000001f90f26b920 Exception <a 'java/io/FileNotFoundException'{0x00000000d60df188}> (0x00000000d60df188) 
thrown [s\src\hotspot\share\prims\jni.cpp, line 520]
Event: 3.954 Thread 0x000001f90f26b920 Exception <a 'java/io/FileNotFoundException'{0x00000000d60e01e8}> (0x00000000d60e01e8) 
thrown [s\src\hotspot\share\prims\jni.cpp, line 520]
Event: 4.360 Thread 0x000001f90fac03e0 Exception <a 'java/lang/NoSuchMethodError'{0x00000000d61bbbc0}: 'java.lang.Object java.lang.invoke.DirectMethodHandle$Holder.invokeSpecial(java.lang.Object, java.lang.Object, java.lang.Object, java.lang.Object, int, java.lang.Object, java.lang.Object)'> (0x00000000d61bbbc0) 
thrown [s\src\hotspot\share\interpreter\linkResolver.cpp, line 773]
Event: 4.360 Thread 0x000001f90fabd5f0 Exception <a 'java/lang/NoSuchMethodError'{0x00000000d63e1fb8}: 'java.lang.Object java.lang.invoke.DirectMethodHandle$Holder.invokeSpecial(java.lang.Object, java.lang.Object, java.lang.Object, java.lang.Object, int, java.lang.Object, java.lang.Object)'> (0x00000000d63e1fb8) 
thrown [s\src\hotspot\share\interpreter\linkResolver.cpp, line 773]
Event: 4.439 Thread 0x000001f90f26b920 Implicit null exception at 0x000001f8bb659ecf to 0x000001f8bb65a0cc
Event: 4.486 Thread 0x000001f90fab9450 Exception <a 'java/lang/ClassNotFoundException'{0x00000000d5aea138}: sun/util/logging/resources/spi/loggingProvider> (0x00000000d5aea138) 
thrown [s\src\hotspot\share\classfile\systemDictionary.cpp, line 312]
Event: 4.489 Thread 0x000001f90fab9450 Exception <a 'java/lang/IncompatibleClassChangeError'{0x00000000d5b2b198}: Found class java.lang.Object, but interface was expected> (0x00000000d5b2b198) 
thrown [s\src\hotspot\share\interpreter\linkResolver.cpp, line 840]
Event: 4.492 Thread 0x000001f90fab9450 Exception <a 'java/lang/IncompatibleClassChangeError'{0x00000000d5b4d200}: Found class java.lang.Object, but interface was expected> (0x00000000d5b4d200) 
thrown [s\src\hotspot\share\interpreter\linkResolver.cpp, line 840]
Event: 4.869 Thread 0x000001f90f26b920 Exception <a 'java/lang/NoSuchMethodError'{0x00000000d5e44ec8}: 'java.lang.Object java.lang.invoke.DirectMethodHandle$Holder.invokeSpecial(java.lang.Object, java.lang.Object, int, long)'> (0x00000000d5e44ec8) 
thrown [s\src\hotspot\share\interpreter\linkResolver.cpp, line 773]
Event: 4.880 Thread 0x000001f90fabd5f0 Exception <a 'java/lang/ArrayIndexOutOfBoundsException'{0x00000000d5f8be90}: Index 84 out of bounds for length 83> (0x00000000d5f8be90) 
thrown [s\src\hotspot\share\interpreter\interpreterRuntime.cpp, line 439]
Event: 4.894 Thread 0x000001f90fac03e0 Exception <a 'java/lang/NoSuchMethodError'{0x00000000d61206a8}: 'int java.lang.invoke.Invokers$Holder.invokeExact_MT(java.lang.Object, java.lang.Object)'> (0x00000000d61206a8) 
thrown [s\src\hotspot\share\interpreter\linkResolver.cpp, line 773]
Event: 4.930 Thread 0x000001f90fac03e0 Exception <a 'java/lang/NoSuchMethodError'{0x00000000d62b2bf8}: 'int java.lang.invoke.DirectMethodHandle$Holder.invokeInterface(java.lang.Object, java.lang.Object)'> (0x00000000d62b2bf8) 
thrown [s\src\hotspot\share\interpreter\linkResolver.cpp, line 773]
Event: 4.930 Thread 0x000001f90fac03e0 Exception <a 'java/lang/IncompatibleClassChangeError'{0x00000000d62b5ec8}: Found class java.lang.Object, but interface was expected> (0x00000000d62b5ec8) 
thrown [s\src\hotspot\share\interpreter\linkResolver.cpp, line 840]

ZGC Phase Switch (0 events):
No events

VM Operations (20 events):
Event: 3.682 Executing safepoint VM operation: ParallelGCFailedAllocation (Allocation Failure)
Event: 3.685 Executing safepoint VM operation: ParallelGCFailedAllocation (Allocation Failure) done
Event: 3.723 Executing safepoint VM operation: ParallelGCFailedAllocation (Allocation Failure)
Event: 3.726 Executing safepoint VM operation: ParallelGCFailedAllocation (Allocation Failure) done
Event: 3.790 Executing safepoint VM operation: ParallelGCFailedAllocation (Allocation Failure)
Event: 3.793 Executing safepoint VM operation: ParallelGCFailedAllocation (Allocation Failure) done
Event: 3.913 Executing non-safepoint VM operation: HandshakeAllThreads (Deoptimize)
Event: 3.914 Executing non-safepoint VM operation: HandshakeAllThreads (Deoptimize) done
Event: 3.947 Executing non-safepoint VM operation: HandshakeAllThreads (Deoptimize)
Event: 3.947 Executing non-safepoint VM operation: HandshakeAllThreads (Deoptimize) done
Event: 3.966 Executing safepoint VM operation: CollectForMetadataAllocation (Metadata GC Threshold)
Event: 4.000 Executing safepoint VM operation: CollectForMetadataAllocation (Metadata GC Threshold) done
Event: 4.153 Executing safepoint VM operation: ParallelGCFailedAllocation (Allocation Failure)
Event: 4.154 Executing safepoint VM operation: ParallelGCFailedAllocation (Allocation Failure) done
Event: 4.399 Executing safepoint VM operation: ParallelGCFailedAllocation (Allocation Failure)
Event: 4.403 Executing safepoint VM operation: ParallelGCFailedAllocation (Allocation Failure) done
Event: 4.950 Executing non-safepoint VM operation: HandshakeAllThreads (Deoptimize)
Event: 4.950 Executing non-safepoint VM operation: HandshakeAllThreads (Deoptimize) done
Event: 4.968 Executing safepoint VM operation: ParallelGCFailedAllocation (Allocation Failure)
Event: 4.970 Executing safepoint VM operation: ParallelGCFailedAllocation (Allocation Failure) done

Memory protections (0 events):
No events

Nmethod flushes (20 events):
Event: 3.983 Thread 0x000001f909482a30 flushing  nmethod 0x000001f8b3e73910
Event: 3.983 Thread 0x000001f909482a30 flushing  nmethod 0x000001f8b3e87d90
Event: 3.983 Thread 0x000001f909482a30 flushing  nmethod 0x000001f8b3ef8210
Event: 3.983 Thread 0x000001f909482a30 flushing  nmethod 0x000001f8b3f48410
Event: 3.983 Thread 0x000001f909482a30 flushing  nmethod 0x000001f8b3f4cc90
Event: 3.983 Thread 0x000001f909482a30 flushing  nmethod 0x000001f8b3f69290
Event: 3.983 Thread 0x000001f909482a30 flushing  nmethod 0x000001f8b3f69690
Event: 3.983 Thread 0x000001f909482a30 flushing  nmethod 0x000001f8b3f6a090
Event: 3.983 Thread 0x000001f909482a30 flushing  nmethod 0x000001f8b3f70490
Event: 3.983 Thread 0x000001f909482a30 flushing  nmethod 0x000001f8b3f8a390
Event: 3.983 Thread 0x000001f909482a30 flushing  nmethod 0x000001f8b3fb1790
Event: 3.983 Thread 0x000001f909482a30 flushing  nmethod 0x000001f8b3fbce10
Event: 3.983 Thread 0x000001f909482a30 flushing  nmethod 0x000001f8b3fc0b90
Event: 3.983 Thread 0x000001f909482a30 flushing  nmethod 0x000001f8b3fc1510
Event: 3.983 Thread 0x000001f909482a30 flushing  nmethod 0x000001f8b3fec610
Event: 3.983 Thread 0x000001f909482a30 flushing  nmethod 0x000001f8b3fecf90
Event: 3.983 Thread 0x000001f909482a30 flushing  nmethod 0x000001f8b3ff5510
Event: 3.983 Thread 0x000001f909482a30 flushing  nmethod 0x000001f8b4006d90
Event: 3.983 Thread 0x000001f909482a30 flushing  nmethod 0x000001f8b400ad90
Event: 3.983 Thread 0x000001f909482a30 flushing  nmethod 0x000001f8b4011690

Events (20 events):
Event: 2.956 Thread 0x000001f8b09515b0 Thread added: 0x000001f90f26b290
Event: 2.957 Thread 0x000001f8b09515b0 Thread added: 0x000001f90f26a570
Event: 2.957 Thread 0x000001f8b09515b0 Thread added: 0x000001f90fabb520
Event: 2.957 Thread 0x000001f8b09515b0 Thread added: 0x000001f90fabae90
Event: 2.957 Thread 0x000001f8b09515b0 Thread added: 0x000001f90faba170
Event: 2.957 Thread 0x000001f8b09515b0 Thread added: 0x000001f90fabbbb0
Event: 2.957 Thread 0x000001f8b09515b0 Thread added: 0x000001f90fab9ae0
Event: 2.977 Thread 0x000001f8b09515b0 Thread added: 0x000001f90faba800
Event: 3.059 Thread 0x000001f90f4ed2b0 Thread added: 0x000001f90fabc240
Event: 3.108 Thread 0x000001f8b09515b0 Thread added: 0x000001f90fabc8d0
Event: 3.109 Thread 0x000001f8b09515b0 Thread added: 0x000001f90fab9450
Event: 3.292 Thread 0x000001f90fab9450 Thread added: 0x000001f90fabd5f0
Event: 3.293 Thread 0x000001f90fab9450 Thread added: 0x000001f90fac03e0
Event: 3.297 Thread 0x000001f90fab9450 Thread added: 0x000001f90fabe310
Event: 4.039 Thread 0x000001f90f26b920 Thread added: 0x000001f90fabe9a0
Event: 4.481 Thread 0x000001f90f26b920 Thread added: 0x000001f90fabf030
Event: 4.658 Thread 0x000001f90faa07b0 Thread exited: 0x000001f90faa07b0
Event: 4.658 Thread 0x000001f90f0631b0 Thread exited: 0x000001f90f0631b0
Event: 4.913 Thread 0x000001f9094aef40 Thread added: 0x000001f90faa07b0
Event: 4.916 Thread 0x000001f9094aef40 Thread added: 0x000001f910f8a6f0


Dynamic libraries:
0x00007ff7e44a0000 - 0x00007ff7e44ae000 	c:\Users\osaka\.vscode\extensions\redhat.java-1.54.0-win32-x64\jre\21.0.10-win32-x86_64\bin\java.exe
0x00007ffb4b640000 - 0x00007ffb4b8a7000 	C:\Windows\SYSTEM32\ntdll.dll
0x00007ffb4a590000 - 0x00007ffb4a659000 	C:\Windows\System32\KERNEL32.DLL
0x00007ffb485f0000 - 0x00007ffb489e4000 	C:\Windows\System32\KERNELBASE.dll
0x00007ffb47fd0000 - 0x00007ffb4811b000 	C:\Windows\System32\ucrtbase.dll
0x00007ffb1d700000 - 0x00007ffb1d718000 	c:\Users\osaka\.vscode\extensions\redhat.java-1.54.0-win32-x64\jre\21.0.10-win32-x86_64\bin\jli.dll
0x00007ffb225d0000 - 0x00007ffb225ee000 	c:\Users\osaka\.vscode\extensions\redhat.java-1.54.0-win32-x64\jre\21.0.10-win32-x86_64\bin\VCRUNTIME140.dll
0x00007ffb4aa90000 - 0x00007ffb4ac55000 	C:\Windows\System32\USER32.dll
0x00007ffb485c0000 - 0x00007ffb485e7000 	C:\Windows\System32\win32u.dll
0x00007ffb34980000 - 0x00007ffb34c13000 	C:\Windows\WinSxS\amd64_microsoft.windows.common-controls_6595b64144ccf1df_6.0.26100.8115_none_3e075c82e3354f9c\COMCTL32.dll
0x00007ffb4a440000 - 0x00007ffb4a46b000 	C:\Windows\System32\GDI32.dll
0x00007ffb48490000 - 0x00007ffb485bb000 	C:\Windows\System32\gdi32full.dll
0x00007ffb4ad60000 - 0x00007ffb4ae09000 	C:\Windows\System32\msvcrt.dll
0x00007ffb48120000 - 0x00007ffb481c3000 	C:\Windows\System32\msvcp_win.dll
0x00007ffb4a800000 - 0x00007ffb4a832000 	C:\Windows\System32\IMM32.DLL
0x00007ffb34430000 - 0x00007ffb34522000 	C:\Program Files\Windhawk\Engine\1.7.3\64\windhawk.dll
0x00007ffb4a840000 - 0x00007ffb4a8f6000 	C:\Windows\System32\ADVAPI32.dll
0x00007ffb49ca0000 - 0x00007ffb49d47000 	C:\Windows\System32\sechost.dll
0x00007ffb4a470000 - 0x00007ffb4a588000 	C:\Windows\System32\RPCRT4.dll
0x00007ffb343a0000 - 0x00007ffb343ca000 	C:\ProgramData\Windhawk\Engine\Mods\64\explorer-details-better-file-sizes_1.5_568914.dll
0x00007ffb4a660000 - 0x00007ffb4a7f7000 	C:\Windows\System32\ole32.dll
0x00007ffb49db0000 - 0x00007ffb4a132000 	C:\Windows\System32\combase.dll
0x00007ffb4ac60000 - 0x00007ffb4ad38000 	C:\Windows\System32\OLEAUT32.dll
0x00007ffb49530000 - 0x00007ffb49c97000 	C:\Windows\System32\SHELL32.dll
0x00007ffb49260000 - 0x00007ffb493ca000 	C:\Windows\System32\wintypes.dll
0x00007ffb321a0000 - 0x00007ffb32349000 	C:\ProgramData\Windhawk\Engine\Mods\64\libc++.whl
0x00007ffb43770000 - 0x00007ffb43873000 	C:\Windows\SYSTEM32\PROPSYS.dll
0x00007ffb33d10000 - 0x00007ffb33d4a000 	C:\ProgramData\Windhawk\Engine\Mods\64\libunwind.whl
0x00007ffb34600000 - 0x00007ffb34619000 	C:\ProgramData\Windhawk\Engine\Mods\64\invisible-borders_1.0.0_889542.dll
0x00007ffb45c50000 - 0x00007ffb45c7f000 	C:\Windows\SYSTEM32\dwmapi.dll
0x00007ffb43580000 - 0x00007ffb4358c000 	c:\Users\osaka\.vscode\extensions\redhat.java-1.54.0-win32-x64\jre\21.0.10-win32-x86_64\bin\vcruntime140_1.dll
0x00007ffb1b060000 - 0x00007ffb1b0ed000 	c:\Users\osaka\.vscode\extensions\redhat.java-1.54.0-win32-x64\jre\21.0.10-win32-x86_64\bin\msvcp140.dll
0x00007ffa543e0000 - 0x00007ffa55181000 	c:\Users\osaka\.vscode\extensions\redhat.java-1.54.0-win32-x64\jre\21.0.10-win32-x86_64\bin\server\jvm.dll
0x00007ffb4b4b0000 - 0x00007ffb4b530000 	C:\Windows\System32\WS2_32.dll
0x00007ffb47cc0000 - 0x00007ffb47d1e000 	C:\Windows\SYSTEM32\POWRPROF.dll
0x00007ffb3b480000 - 0x00007ffb3b4b6000 	C:\Windows\SYSTEM32\WINMM.dll
0x00007ffb40060000 - 0x00007ffb4006b000 	C:\Windows\SYSTEM32\VERSION.dll
0x00007ffb47ca0000 - 0x00007ffb47cb4000 	C:\Windows\SYSTEM32\UMPDC.dll
0x00007ffb46c60000 - 0x00007ffb46c7b000 	C:\Windows\SYSTEM32\kernel.appcore.dll
0x00007ffb43500000 - 0x00007ffb4350a000 	c:\Users\osaka\.vscode\extensions\redhat.java-1.54.0-win32-x64\jre\21.0.10-win32-x86_64\bin\jimage.dll
0x00007ffb3af90000 - 0x00007ffb3b1d2000 	C:\Windows\SYSTEM32\DBGHELP.DLL
0x00007ffb3ae90000 - 0x00007ffb3aecb000 	C:\Windows\SYSTEM32\dbgcore.DLL
0x00007ffb481d0000 - 0x00007ffb48275000 	C:\Windows\System32\bcryptPrimitives.dll
0x00007ffb37fa0000 - 0x00007ffb37faf000 	c:\Users\osaka\.vscode\extensions\redhat.java-1.54.0-win32-x64\jre\21.0.10-win32-x86_64\bin\instrument.dll
0x00007ffb1d6e0000 - 0x00007ffb1d700000 	c:\Users\osaka\.vscode\extensions\redhat.java-1.54.0-win32-x64\jre\21.0.10-win32-x86_64\bin\java.dll
0x00007ffb489f0000 - 0x00007ffb49258000 	C:\Windows\System32\windows.storage.dll
0x00007ffb4b3b0000 - 0x00007ffb4b4a8000 	C:\Windows\System32\SHCORE.dll
0x00007ffb4b540000 - 0x00007ffb4b5a6000 	C:\Windows\System32\shlwapi.dll
0x00007ffb47e30000 - 0x00007ffb47e59000 	C:\Windows\System32\profapi.dll
0x00007ffb1b8c0000 - 0x00007ffb1b8d8000 	c:\Users\osaka\.vscode\extensions\redhat.java-1.54.0-win32-x64\jre\21.0.10-win32-x86_64\bin\zip.dll
0x00007ffb356d0000 - 0x00007ffb356e0000 	C:\Users\osaka\.vscode\extensions\redhat.java-1.54.0-win32-x64\jre\21.0.10-win32-x86_64\bin\net.dll
0x00007ffb408f0000 - 0x00007ffb40a1d000 	C:\Windows\SYSTEM32\WINHTTP.dll
0x00007ffb471b0000 - 0x00007ffb4721c000 	C:\Windows\system32\mswsock.dll
0x00007ffb1b270000 - 0x00007ffb1b286000 	C:\Users\osaka\.vscode\extensions\redhat.java-1.54.0-win32-x64\jre\21.0.10-win32-x86_64\bin\nio.dll
0x00007ffb323b0000 - 0x00007ffb323c0000 	c:\Users\osaka\.vscode\extensions\redhat.java-1.54.0-win32-x64\jre\21.0.10-win32-x86_64\bin\verify.dll
0x00007ffaef140000 - 0x00007ffaef185000 	C:\Users\osaka\AppData\Roaming\Code\User\globalStorage\redhat.java\1.54.0\config_ss_win\org.eclipse.equinox.launcher\org.eclipse.equinox.launcher.win32.win32.x86_64_1.3.0.v20260203-2149\eclipse_11919.dll
0x00007ffb475b0000 - 0x00007ffb475cb000 	C:\Windows\SYSTEM32\CRYPTSP.dll
0x00007ffb46bc0000 - 0x00007ffb46bf9000 	C:\Windows\system32\rsaenh.dll
0x00007ffb47260000 - 0x00007ffb47293000 	C:\Windows\SYSTEM32\USERENV.dll
0x00007ffb47e00000 - 0x00007ffb47e2a000 	C:\Windows\SYSTEM32\bcrypt.dll
0x00007ffb47410000 - 0x00007ffb4741c000 	C:\Windows\SYSTEM32\CRYPTBASE.dll
0x00007ffb46640000 - 0x00007ffb46672000 	C:\Windows\SYSTEM32\IPHLPAPI.DLL
0x00007ffb4ad50000 - 0x00007ffb4ad5a000 	C:\Windows\System32\NSI.dll
0x00007ffadb350000 - 0x00007ffadb399000 	C:\Users\osaka\AppData\Local\Temp\jna-106033427\jna15440059641580134956.dll
0x00007ffb4ae10000 - 0x00007ffb4ae18000 	C:\Windows\System32\PSAPI.DLL
0x00007ffb40d60000 - 0x00007ffb40d7d000 	C:\Windows\SYSTEM32\dhcpcsvc6.DLL
0x00007ffb40700000 - 0x00007ffb40725000 	C:\Windows\SYSTEM32\dhcpcsvc.DLL

JVMTI agents:
c:\Users\osaka\.vscode\extensions\redhat.java-1.54.0-win32-x64\lombok\lombok-1.18.39-4050.jar path:c:\Users\osaka\.vscode\extensions\redhat.java-1.54.0-win32-x64\jre\21.0.10-win32-x86_64\bin\instrument.dll, loaded, initialized, instrumentlib options:none

dbghelp: loaded successfully - version: 4.0.5 - missing functions: none
symbol engine: initialized successfully - sym options: 0x614 - pdb path: .;c:\Users\osaka\.vscode\extensions\redhat.java-1.54.0-win32-x64\jre\21.0.10-win32-x86_64\bin;C:\Windows\SYSTEM32;C:\Windows\WinSxS\amd64_microsoft.windows.common-controls_6595b64144ccf1df_6.0.26100.8115_none_3e075c82e3354f9c;C:\Program Files\Windhawk\Engine\1.7.3\64;C:\ProgramData\Windhawk\Engine\Mods\64;c:\Users\osaka\.vscode\extensions\redhat.java-1.54.0-win32-x64\jre\21.0.10-win32-x86_64\bin\server;C:\Users\osaka\AppData\Roaming\Code\User\globalStorage\redhat.java\1.54.0\config_ss_win\org.eclipse.equinox.launcher\org.eclipse.equinox.launcher.win32.win32.x86_64_1.3.0.v20260203-2149;C:\Users\osaka\AppData\Local\Temp\jna-106033427

VM Arguments:
jvm_args: --add-modules=ALL-SYSTEM --add-opens=java.base/java.util=ALL-UNNAMED --add-opens=java.base/java.lang=ALL-UNNAMED --add-opens=java.base/sun.nio.fs=ALL-UNNAMED -Declipse.application=org.eclipse.jdt.ls.core.id1 -Dosgi.bundles.defaultStartLevel=4 -Declipse.product=org.eclipse.jdt.ls.core.product -Djava.import.generatesMetadataFilesAtProjectRoot=false -DDetectVMInstallationsJob.disabled=true -Dfile.encoding=utf8 -XX:+UseParallelGC -XX:GCTimeRatio=4 -XX:AdaptiveSizePolicyWeight=90 -Dsun.zip.disableMemoryMapping=true -Xmx2G -Xms100m -Xlog:disable -javaagent:c:\Users\osaka\.vscode\extensions\redhat.java-1.54.0-win32-x64\lombok\lombok-1.18.39-4050.jar 
java_command: c:\Users\osaka\.vscode\extensions\redhat.java-1.54.0-win32-x64\server\plugins\org.eclipse.equinox.launcher_1.7.100.v20251111-0406.jar -configuration c:\Users\osaka\AppData\Roaming\Code\User\globalStorage\redhat.java\1.54.0\config_ss_win -data c:\Users\osaka\AppData\Roaming\Code\User\workspaceStorage\fd0630c1d770339bb41c961d7db7f29d\redhat.java\ss_ws --pipe=\\.\pipe\lsp-6fc58ef8fc847e701c436dc6daf1095b-sock
java_class_path (initial): c:\Users\osaka\.vscode\extensions\redhat.java-1.54.0-win32-x64\server\plugins\org.eclipse.equinox.launcher_1.7.100.v20251111-0406.jar
Launcher Type: SUN_STANDARD

[Global flags]
    uintx AdaptiveSizePolicyWeight                 = 90                                        {product} {command line}
     intx CICompilerCount                          = 4                                         {product} {ergonomic}
    uintx GCTimeRatio                              = 4                                         {product} {command line}
   size_t InitialHeapSize                          = 104857600                                 {product} {command line}
   size_t MaxHeapSize                              = 2147483648                                {product} {command line}
   size_t MaxNewSize                               = 715653120                                 {product} {ergonomic}
   size_t MinHeapDeltaBytes                        = 524288                                    {product} {ergonomic}
   size_t MinHeapSize                              = 104857600                                 {product} {command line}
   size_t NewSize                                  = 34603008                                  {product} {ergonomic}
    uintx NonNMethodCodeHeapSize                   = 5839372                                {pd product} {ergonomic}
    uintx NonProfiledCodeHeapSize                  = 122909434                              {pd product} {ergonomic}
   size_t OldSize                                  = 70254592                                  {product} {ergonomic}
    uintx ProfiledCodeHeapSize                     = 122909434                              {pd product} {ergonomic}
    uintx ReservedCodeCacheSize                    = 251658240                              {pd product} {ergonomic}
     bool SegmentedCodeCache                       = true                                      {product} {ergonomic}
   size_t SoftMaxHeapSize                          = 2147483648                             {manageable} {ergonomic}
     bool UseCompressedOops                        = true                           {product lp64_product} {ergonomic}
     bool UseLargePagesIndividualAllocation        = false                                  {pd product} {ergonomic}
     bool UseParallelGC                            = true                                      {product} {command line}

Logging:
Log output configuration:
 #0: stdout all=off uptime,level,tags foldmultilines=false
 #1: stderr all=off uptime,level,tags foldmultilines=false

Release file:
JAVA_VERSION="21.0.10" 
MODULES="java.base java.compiler java.datatransfer java.xml java.prefs java.desktop java.instrument java.logging java.management java.security.sasl java.naming java.rmi java.management.rmi java.net.http java.scripting java.security.jgss java.transaction.xa java.sql java.sql.rowset java.xml.crypto java.se java.smartcardio jdk.accessibility jdk.internal.jvmstat jdk.attach jdk.charsets jdk.internal.opt jdk.zipfs jdk.compiler jdk.crypto.ec jdk.crypto.cryptoki jdk.crypto.mscapi jdk.dynalink jdk.internal.ed jdk.editpad jdk.hotspot.agent jdk.httpserver jdk.internal.le jdk.internal.vm.ci jdk.internal.vm.compiler jdk.internal.vm.compiler.management jdk.jartool jdk.javadoc jdk.jcmd jdk.management jdk.management.agent jdk.jconsole jdk.jdeps jdk.jdwp.agent jdk.jdi jdk.jfr jdk.jshell jdk.jsobject jdk.jstatd jdk.localedata jdk.management.jfr jdk.naming.dns jdk.naming.rmi jdk.net jdk.nio.mapmode jdk.random jdk.sctp jdk.security.auth jdk.security.jgss jdk.unsupported jdk.unsupported.desktop jdk.xml.dom" 

Environment Variables:
JAVA_HOME=F:\Program Files\Java\jdk-21
PATH=F:\Program Files\Microsoft VS Code;C:\Windows\system32;C:\Windows;C:\Windows\System32\Wbem;C:\Windows\System32\WindowsPowerShell\v1.0\;C:\Windows\System32\OpenSSH\;C:\Program Files\NVIDIA Corporation\NVIDIA App\NvDLISR;C:\Program Files (x86)\NVIDIA Corporation\PhysX\Common;F:\Program Files\Java\jdk-21\bin;C:\Users\osaka\AppData\Local\Programs\Python\Python312;C:\Users\osaka\AppData\Local\Programs\Python\Python312\Scripts;F:\Program Files\Git\cmd;F:\Program Files\Apache\apache-maven-3.9.14\bin;C:\Users\osaka\AppData\Local\Programs\Python\Launcher\;C:\Users\osaka\AppData\Local\Microsoft\WindowsApps;C:\Users\osaka\AppData\Local\Python\bin;F:\Program Files\Microsoft VS Code\bin
USERNAME=osaka
OS=Windows_NT
PROCESSOR_IDENTIFIER=AMD64 Family 23 Model 113 Stepping 0, AuthenticAMD
TMP=C:\Users\osaka\AppData\Local\Temp
TEMP=C:\Users\osaka\AppData\Local\Temp




Periodic native trim disabled

---------------  S Y S T E M  ---------------

OS:
 Windows 11 , 64 bit Build 26100 (10.0.26100.8246)
OS uptime: 0 days 1:02 hours
Hyper-V role detected

CPU: total 12 (initial active 12) (12 cores per cpu, 2 threads per core) family 23 model 113 stepping 0 microcode 0x8701021, cx8, cmov, fxsr, ht, mmx, 3dnowpref, sse, sse2, sse3, ssse3, sse4a, sse4.1, sse4.2, popcnt, lzcnt, tsc, tscinvbit, avx, avx2, aes, clmul, bmi1, bmi2, adx, sha, fma, vzeroupper, clflush, clflushopt, hv, rdtscp, rdpid, f16c
Processor Information for the first 12 processors :
  Max Mhz: 3801, Current Mhz: 3801, Mhz Limit: 3801

Memory: 4k page, system-wide physical 32679M (17826M free)
TotalPageFile size 34727M (AvailPageFile size 15990M)
current process WorkingSet (physical memory assigned to process): 214M, peak: 219M
current process commit charge ("private bytes"): 329M, peak: 334M

vm_info: OpenJDK 64-Bit Server VM (21.0.10+7-LTS) for windows-amd64 JRE (21.0.10+7-LTS), built on 2026-01-20T00:00:00Z by "admin" with MS VC++ 17.12 (VS2022)

END.
