#
# There is insufficient memory for the Java Runtime Environment to continue.
# Native memory allocation (malloc) failed to allocate 875376 bytes. Error detail: Chunk::new
# Possible reasons:
#   The system is out of physical RAM or swap space
#   This process is running with CompressedOops enabled, and the Java Heap may be blocking the growth of the native heap
# Possible solutions:
#   Reduce memory load on the system
#   Increase physical memory or swap space
#   Check if swap backing store is full
#   Decrease Java heap size (-Xmx/-Xms)
#   Decrease number of Java threads
#   Decrease Java thread stack sizes (-Xss)
#   Set larger code cache with -XX:ReservedCodeCacheSize=
#   JVM is running with Unscaled Compressed Oops mode in which the Java heap is
#     placed in the first 4GB address space. The Java Heap base address is the
#     maximum limit for the native heap growth. Please use -XX:HeapBaseMinAddress
#     to set the Java Heap base and to place the Java Heap above 4GB virtual address.
# This output file may be truncated or incomplete.
#
#  Out of Memory Error (arena.cpp:168), pid=24712, tid=24232
#
# JRE version: OpenJDK Runtime Environment Temurin-21.0.10+7 (21.0.10+7) (build 21.0.10+7-LTS)
# Java VM: OpenJDK 64-Bit Server VM Temurin-21.0.10+7 (21.0.10+7-LTS, mixed mode, sharing, tiered, compressed oops, compressed class ptrs, parallel gc, windows-amd64)
# No core dump will be written. Minidumps are not enabled by default on client versions of Windows
#

---------------  S U M M A R Y ------------

Command Line: --add-modules=ALL-SYSTEM --add-opens=java.base/java.util=ALL-UNNAMED --add-opens=java.base/java.lang=ALL-UNNAMED --add-opens=java.base/sun.nio.fs=ALL-UNNAMED -Declipse.application=org.eclipse.jdt.ls.core.id1 -Dosgi.bundles.defaultStartLevel=4 -Declipse.product=org.eclipse.jdt.ls.core.product -Djava.import.generatesMetadataFilesAtProjectRoot=false -DDetectVMInstallationsJob.disabled=true -Dfile.encoding=utf8 -XX:+UseParallelGC -XX:GCTimeRatio=4 -XX:AdaptiveSizePolicyWeight=90 -Dsun.zip.disableMemoryMapping=true -Xmx2G -Xms100m -Xlog:disable -javaagent:c:\Users\osaka\.vscode\extensions\redhat.java-1.54.0-win32-x64\lombok\lombok-1.18.39-4050.jar -XX:+HeapDumpOnOutOfMemoryError -XX:HeapDumpPath=c:\Users\osaka\AppData\Roaming\Code\User\workspaceStorage\fd0630c1d770339bb41c961d7db7f29d\redhat.java -Daether.dependencyCollector.impl=bf c:\Users\osaka\.vscode\extensions\redhat.java-1.54.0-win32-x64\server\plugins\org.eclipse.equinox.launcher_1.7.100.v20251111-0406.jar -configuration c:\Users\osaka\AppData\Roaming\Code\User\globalStorage\redhat.java\1.54.0\config_win -data c:\Users\osaka\AppData\Roaming\Code\User\workspaceStorage\fd0630c1d770339bb41c961d7db7f29d\redhat.java\jdt_ws --pipe=\\.\pipe\lsp-201627d77b94b526ea72e585061701f0-sock

Host: AMD Ryzen 5 3600X 6-Core Processor             , 12 cores, 31G,  Windows 11 , 64 bit Build 26100 (10.0.26100.8246)
Time: Fri May  1 02:15:54 2026 Hora est. Sudamérica Pacífico elapsed time: 14.484836 seconds (0d 0h 0m 14s)

---------------  T H R E A D  ---------------

Current thread (0x00000181eaced850):  JavaThread "C2 CompilerThread2" daemon [_thread_in_native, id=24232, stack(0x0000000dbd300000,0x0000000dbd400000) (1024K)]


Current CompileTask:
C2:14484 9485 %     4       org.lombokweb.asm.ClassReader::readCode @ 92 (5117 bytes)

Stack: [0x0000000dbd300000,0x0000000dbd400000]
Native frames: (J=compiled Java code, j=interpreted, Vv=VM code, C=native code)
V  [jvm.dll+0x6d7a39]
V  [jvm.dll+0x8b4b26]
V  [jvm.dll+0x8b70de]
V  [jvm.dll+0x8b77c3]
V  [jvm.dll+0x284346]
V  [jvm.dll+0xc66ed]
V  [jvm.dll+0xc6c31]
V  [jvm.dll+0x2fb29e]
V  [jvm.dll+0x5fe884]
V  [jvm.dll+0x255b17]
V  [jvm.dll+0x255edd]
V  [jvm.dll+0x24e500]
V  [jvm.dll+0x24ba42]
V  [jvm.dll+0x1cb34e]
V  [jvm.dll+0x25b85d]
V  [jvm.dll+0x259dea]
V  [jvm.dll+0x3f857e]
V  [jvm.dll+0x85f59d]
V  [jvm.dll+0x6d626d]
C  [ucrtbase.dll+0x37b0]
C  [KERNEL32.DLL+0x2e8d7]
C  [ntdll.dll+0x8c3fc]


---------------  P R O C E S S  ---------------

Threads class SMR info:
_java_thread_list=0x00000181eb506890, length=55, elements={
0x0000018189cc2190, 0x00000181e27b87e0, 0x00000181e27b9700, 0x00000181e27c7900,
0x00000181e27ca350, 0x00000181e27cbc50, 0x00000181e27cf050, 0x00000181e27d6df0,
0x00000181e27d94b0, 0x00000181e2a48900, 0x00000181e2af8290, 0x00000181e87548c0,
0x00000181e8756300, 0x00000181e8754f50, 0x00000181e8756990, 0x00000181e8754230,
0x00000181e87555e0, 0x00000181e8755c70, 0x00000181e8757020, 0x00000181e8753ba0,
0x00000181e93e3960, 0x00000181e93e3ff0, 0x00000181e93e2c40, 0x00000181e93e4d10,
0x00000181e93e32d0, 0x00000181e93e4680, 0x00000181e93e1f20, 0x00000181e93e5a30,
0x00000181e93e25b0, 0x00000181e93e7b00, 0x00000181e93e6750, 0x00000181e93e9540,
0x00000181e93e6de0, 0x00000181e93e8190, 0x00000181e93e7470, 0x00000181e93e8eb0,
0x00000181e93e60c0, 0x00000181e93e8820, 0x00000181eb2cad70, 0x00000181eb2cd4d0,
0x00000181eb2cdb60, 0x00000181eb2cba90, 0x00000181eb2cce40, 0x00000181eb2cb400,
0x00000181eb2ca6e0, 0x00000181eb2cc120, 0x00000181eb2cc7b0, 0x00000181e9c7bf90,
0x00000181e9c7b270, 0x00000181e9c7b900, 0x00000181e9c7d9d0, 0x00000181e9c7c620,
0x00000181e9c7d340, 0x00000181eaced180, 0x00000181eaced850
}

Java Threads: ( => current thread )
  0x0000018189cc2190 JavaThread "main"                              [_thread_blocked, id=22060, stack(0x0000000dbaf00000,0x0000000dbb000000) (1024K)]
  0x00000181e27b87e0 JavaThread "Reference Handler"          daemon [_thread_blocked, id=28408, stack(0x0000000dbb300000,0x0000000dbb400000) (1024K)]
  0x00000181e27b9700 JavaThread "Finalizer"                  daemon [_thread_blocked, id=9708, stack(0x0000000dbb400000,0x0000000dbb500000) (1024K)]
  0x00000181e27c7900 JavaThread "Signal Dispatcher"          daemon [_thread_blocked, id=19688, stack(0x0000000dbb500000,0x0000000dbb600000) (1024K)]
  0x00000181e27ca350 JavaThread "Attach Listener"            daemon [_thread_blocked, id=20240, stack(0x0000000dbb600000,0x0000000dbb700000) (1024K)]
  0x00000181e27cbc50 JavaThread "Service Thread"             daemon [_thread_blocked, id=29368, stack(0x0000000dbb700000,0x0000000dbb800000) (1024K)]
  0x00000181e27cf050 JavaThread "Monitor Deflation Thread"   daemon [_thread_blocked, id=17664, stack(0x0000000dbb800000,0x0000000dbb900000) (1024K)]
  0x00000181e27d6df0 JavaThread "C2 CompilerThread0"         daemon [_thread_in_native, id=9072, stack(0x0000000dbb900000,0x0000000dbba00000) (1024K)]
  0x00000181e27d94b0 JavaThread "C1 CompilerThread0"         daemon [_thread_blocked, id=23888, stack(0x0000000dbba00000,0x0000000dbbb00000) (1024K)]
  0x00000181e2a48900 JavaThread "Common-Cleaner"             daemon [_thread_blocked, id=25596, stack(0x0000000dbbb00000,0x0000000dbbc00000) (1024K)]
  0x00000181e2af8290 JavaThread "Notification Thread"        daemon [_thread_blocked, id=27156, stack(0x0000000dbbd00000,0x0000000dbbe00000) (1024K)]
  0x00000181e87548c0 JavaThread "Active Thread: Equinox Container: 20ec196b-0080-415a-a8e1-15f5c87d9fcd"        [_thread_blocked, id=11692, stack(0x0000000dbc500000,0x0000000dbc600000) (1024K)]
  0x00000181e8756300 JavaThread "Refresh Thread: Equinox Container: 20ec196b-0080-415a-a8e1-15f5c87d9fcd" daemon [_thread_blocked, id=1932, stack(0x0000000dbc700000,0x0000000dbc800000) (1024K)]
  0x00000181e8754f50 JavaThread "Framework Event Dispatcher: Equinox Container: 20ec196b-0080-415a-a8e1-15f5c87d9fcd" daemon [_thread_blocked, id=28928, stack(0x0000000dbc800000,0x0000000dbc900000) (1024K)]
  0x00000181e8756990 JavaThread "Start Level: Equinox Container: 20ec196b-0080-415a-a8e1-15f5c87d9fcd" daemon [_thread_blocked, id=24900, stack(0x0000000dbc900000,0x0000000dbca00000) (1024K)]
  0x00000181e8754230 JavaThread "Bundle File Closer"         daemon [_thread_blocked, id=18684, stack(0x0000000dbcc00000,0x0000000dbcd00000) (1024K)]
  0x00000181e87555e0 JavaThread "SCR Component Actor"        daemon [_thread_blocked, id=9756, stack(0x0000000dbbc00000,0x0000000dbbd00000) (1024K)]
  0x00000181e8755c70 JavaThread "Worker-JM"                         [_thread_blocked, id=21452, stack(0x0000000dbce00000,0x0000000dbcf00000) (1024K)]
  0x00000181e8757020 JavaThread "JNA Cleaner"                daemon [_thread_blocked, id=8216, stack(0x0000000dbcf00000,0x0000000dbd000000) (1024K)]
  0x00000181e8753ba0 JavaThread "Worker-0"                          [_thread_blocked, id=17604, stack(0x0000000dbd000000,0x0000000dbd100000) (1024K)]
  0x00000181e93e3960 JavaThread "Worker-1: Initialize workspace"        [_thread_in_native, id=20132, stack(0x0000000dbd100000,0x0000000dbd200000) (1024K)]
  0x00000181e93e3ff0 JavaThread "Worker-2"                          [_thread_blocked, id=23676, stack(0x0000000dbd200000,0x0000000dbd300000) (1024K)]
  0x00000181e93e2c40 JavaThread "Java indexing"              daemon [_thread_blocked, id=23800, stack(0x0000000dbcd00000,0x0000000dbce00000) (1024K)]
  0x00000181e93e4d10 JavaThread "Worker-3"                          [_thread_blocked, id=21572, stack(0x0000000dbd700000,0x0000000dbd800000) (1024K)]
  0x00000181e93e32d0 JavaThread "Thread-1"                   daemon [_thread_in_native, id=25004, stack(0x0000000dbd800000,0x0000000dbd900000) (1024K)]
  0x00000181e93e4680 JavaThread "Thread-2"                   daemon [_thread_in_native, id=21216, stack(0x0000000dbd900000,0x0000000dbda00000) (1024K)]
  0x00000181e93e1f20 JavaThread "Thread-3"                   daemon [_thread_in_native, id=28508, stack(0x0000000dbda00000,0x0000000dbdb00000) (1024K)]
  0x00000181e93e5a30 JavaThread "Thread-4"                   daemon [_thread_in_native, id=28352, stack(0x0000000dbdb00000,0x0000000dbdc00000) (1024K)]
  0x00000181e93e25b0 JavaThread "Thread-5"                   daemon [_thread_in_native, id=24148, stack(0x0000000dbdc00000,0x0000000dbdd00000) (1024K)]
  0x00000181e93e7b00 JavaThread "Thread-6"                   daemon [_thread_in_native, id=20544, stack(0x0000000dbdd00000,0x0000000dbde00000) (1024K)]
  0x00000181e93e6750 JavaThread "Thread-7"                   daemon [_thread_in_native, id=26408, stack(0x0000000dbde00000,0x0000000dbdf00000) (1024K)]
  0x00000181e93e9540 JavaThread "Thread-8"                   daemon [_thread_in_native, id=2904, stack(0x0000000dbdf00000,0x0000000dbe000000) (1024K)]
  0x00000181e93e6de0 JavaThread "Thread-9"                   daemon [_thread_in_native, id=29284, stack(0x0000000dbe000000,0x0000000dbe100000) (1024K)]
  0x00000181e93e8190 JavaThread "Thread-10"                  daemon [_thread_in_native, id=29344, stack(0x0000000dbe100000,0x0000000dbe200000) (1024K)]
  0x00000181e93e7470 JavaThread "Thread-11"                  daemon [_thread_in_native, id=28996, stack(0x0000000dbe200000,0x0000000dbe300000) (1024K)]
  0x00000181e93e8eb0 JavaThread "Thread-12"                  daemon [_thread_in_native, id=6540, stack(0x0000000dbe300000,0x0000000dbe400000) (1024K)]
  0x00000181e93e60c0 JavaThread "Thread-13"                  daemon [_thread_in_native, id=4320, stack(0x0000000dbe400000,0x0000000dbe500000) (1024K)]
  0x00000181e93e8820 JavaThread "pool-2-thread-1"                   [_thread_blocked, id=1972, stack(0x0000000dbe500000,0x0000000dbe600000) (1024K)]
  0x00000181eb2cad70 JavaThread "Worker-4: Initialize Workspace"        [_thread_blocked, id=22088, stack(0x0000000dbe600000,0x0000000dbe700000) (1024K)]
  0x00000181eb2cd4d0 JavaThread "WorkspaceEventsHandler"            [_thread_blocked, id=18172, stack(0x0000000dbe700000,0x0000000dbe800000) (1024K)]
  0x00000181eb2cdb60 JavaThread "pool-1-thread-1"                   [_thread_blocked, id=2284, stack(0x0000000dbe800000,0x0000000dbe900000) (1024K)]
  0x00000181eb2cba90 JavaThread "ForkJoinPool.commonPool-worker-1" daemon [_thread_blocked, id=23524, stack(0x0000000dbe900000,0x0000000dbea00000) (1024K)]
  0x00000181eb2cce40 JavaThread "ForkJoinPool.commonPool-worker-2" daemon [_thread_blocked, id=24972, stack(0x0000000dbea00000,0x0000000dbeb00000) (1024K)]
  0x00000181eb2cb400 JavaThread "ForkJoinPool.commonPool-worker-3" daemon [_thread_blocked, id=22592, stack(0x0000000dbeb00000,0x0000000dbec00000) (1024K)]
  0x00000181eb2ca6e0 JavaThread "ForkJoinPool.commonPool-worker-4" daemon [_thread_blocked, id=21684, stack(0x0000000dbec00000,0x0000000dbed00000) (1024K)]
  0x00000181eb2cc120 JavaThread "ForkJoinPool.commonPool-worker-5" daemon [_thread_in_Java, id=26232, stack(0x0000000dbee00000,0x0000000dbef00000) (1024K)]
  0x00000181eb2cc7b0 JavaThread "ForkJoinPool.commonPool-worker-6" daemon [_thread_blocked, id=15824, stack(0x0000000dbef00000,0x0000000dbf000000) (1024K)]
  0x00000181e9c7bf90 JavaThread "ForkJoinPool.commonPool-worker-7" daemon [_thread_blocked, id=3164, stack(0x0000000dbf000000,0x0000000dbf100000) (1024K)]
  0x00000181e9c7b270 JavaThread "ForkJoinPool.commonPool-worker-8" daemon [_thread_blocked, id=9028, stack(0x0000000dbf100000,0x0000000dbf200000) (1024K)]
  0x00000181e9c7b900 JavaThread "ForkJoinPool.commonPool-worker-9" daemon [_thread_blocked, id=22008, stack(0x0000000dbf200000,0x0000000dbf300000) (1024K)]
  0x00000181e9c7d9d0 JavaThread "ForkJoinPool.commonPool-worker-11" daemon [_thread_blocked, id=11832, stack(0x0000000dbf300000,0x0000000dbf400000) (1024K)]
  0x00000181e9c7c620 JavaThread "ForkJoinPool.commonPool-worker-10" daemon [_thread_in_native, id=25780, stack(0x0000000dbf400000,0x0000000dbf500000) (1024K)]
  0x00000181e9c7d340 JavaThread "Keep-Alive-Timer"           daemon [_thread_blocked, id=24868, stack(0x0000000dbf500000,0x0000000dbf600000) (1024K)]
  0x00000181eaced180 JavaThread "C2 CompilerThread1"         daemon [_thread_in_native, id=20700, stack(0x0000000dbbe00000,0x0000000dbbf00000) (1024K)]
=>0x00000181eaced850 JavaThread "C2 CompilerThread2"         daemon [_thread_in_native, id=24232, stack(0x0000000dbd300000,0x0000000dbd400000) (1024K)]
Total: 55

Other Threads:
  0x0000018189c1be30 VMThread "VM Thread"                           [id=26412, stack(0x0000000dbb200000,0x0000000dbb300000) (1024K)]
  0x0000018189b0cb20 WatcherThread "VM Periodic Task Thread"        [id=6548, stack(0x0000000dbb100000,0x0000000dbb200000) (1024K)]
  0x0000018189cdf720 WorkerThread "GC Thread#0"                     [id=9396, stack(0x0000000dbb000000,0x0000000dbb100000) (1024K)]
  0x00000181e8430e90 WorkerThread "GC Thread#1"                     [id=5048, stack(0x0000000dbbf00000,0x0000000dbc000000) (1024K)]
  0x00000181e81d3200 WorkerThread "GC Thread#2"                     [id=20976, stack(0x0000000dbc000000,0x0000000dbc100000) (1024K)]
  0x00000181e81d35b0 WorkerThread "GC Thread#3"                     [id=13888, stack(0x0000000dbc100000,0x0000000dbc200000) (1024K)]
  0x00000181e83b06d0 WorkerThread "GC Thread#4"                     [id=20312, stack(0x0000000dbc200000,0x0000000dbc300000) (1024K)]
  0x00000181e83b0a80 WorkerThread "GC Thread#5"                     [id=7156, stack(0x0000000dbc300000,0x0000000dbc400000) (1024K)]
  0x00000181e8348210 WorkerThread "GC Thread#6"                     [id=13484, stack(0x0000000dbc400000,0x0000000dbc500000) (1024K)]
  0x00000181e8705fd0 WorkerThread "GC Thread#7"                     [id=26764, stack(0x0000000dbc600000,0x0000000dbc700000) (1024K)]
  0x00000181e8aa8670 WorkerThread "GC Thread#8"                     [id=20812, stack(0x0000000dbca00000,0x0000000dbcb00000) (1024K)]
  0x00000181e8ddfb10 WorkerThread "GC Thread#9"                     [id=768, stack(0x0000000dbcb00000,0x0000000dbcc00000) (1024K)]
Total: 12

Threads with active compile tasks:
C2 CompilerThread0  14514 9581       4       org.lombokweb.asm.SymbolTable::<init> (554 bytes)
C1 CompilerThread0  14515 9673       2       java.nio.file.Paths::get (5 bytes)
C2 CompilerThread1  14515 9571       4       org.lombokweb.asm.ClassReader::readMethod (1070 bytes)
C2 CompilerThread2  14515 9485 %     4       org.lombokweb.asm.ClassReader::readCode @ 92 (5117 bytes)
Total: 4

VM state: not at safepoint (normal execution)

VM Mutex/Monitor currently owned by a thread:  ([mutex/lock_event])
[0x00007ff8ceded060] MethodCompileQueue_lock - owner thread: 0x0000000000000000

Heap address: 0x0000000080000000, size: 2048 MB, Compressed Oops mode: 32-bit

CDS archive(s) mapped at: [0x00000181a1000000-0x00000181a1ba0000-0x00000181a1ba0000), size 12189696, SharedBaseAddress: 0x00000181a1000000, ArchiveRelocationMode: 1.
Compressed class space mapped at: 0x00000181a2000000-0x00000181e2000000, reserved size: 1073741824
Narrow klass base: 0x00000181a1000000, Narrow klass shift: 0, Narrow klass range: 0x100000000

GC Precious Log:
 CardTable entry size: 512
 CPUs: 12 total, 12 available
 Memory: 32679M
 Large Page Support: Disabled
 NUMA Support: Disabled
 Compressed Oops: Enabled (32-bit)
 Alignments: Space 512K, Generation 512K, Heap 2M
 Heap Min Capacity: 100M
 Heap Initial Capacity: 100M
 Heap Max Capacity: 2G
 Pre-touch: Disabled
 Parallel Workers: 10

Heap:
 PSYoungGen      total 16384K, used 1972K [0x00000000d5580000, 0x00000000d6900000, 0x0000000100000000)
  eden space 13312K, 7% used [0x00000000d5580000,0x00000000d56808c8,0x00000000d6280000)
  from space 3072K, 30% used [0x00000000d6400000,0x00000000d64eca10,0x00000000d6700000)
  to   space 1536K, 0% used [0x00000000d6780000,0x00000000d6780000,0x00000000d6900000)
 ParOldGen       total 87040K, used 86595K [0x0000000080000000, 0x0000000085500000, 0x00000000d5580000)
  object space 87040K, 99% used [0x0000000080000000,0x0000000085490f00,0x0000000085500000)
 Metaspace       used 66410K, committed 67904K, reserved 1114112K
  class space    used 7218K, committed 7872K, reserved 1048576K

Card table byte_map: [0x0000018189620000,0x0000018189a30000] _byte_map_base: 0x0000018189220000

Marking Bits: (ParMarkBitMap*) 0x00007ff8cedf3450
 Begin Bits: [0x000001819c130000, 0x000001819e130000)
 End Bits:   [0x000001819e130000, 0x00000181a0130000)

Polling page: 0x0000018187750000

Metaspace:

Usage:
  Non-class:     57.81 MB used.
      Class:      7.05 MB used.
       Both:     64.85 MB used.

Virtual space:
  Non-class space:       64.00 MB reserved,      58.62 MB ( 92%) committed,  1 nodes.
      Class space:        1.00 GB reserved,       7.69 MB ( <1%) committed,  1 nodes.
             Both:        1.06 GB reserved,      66.31 MB (  6%) committed. 

Chunk freelists:
   Non-Class:  4.79 MB
       Class:  8.14 MB
        Both:  12.93 MB

MaxMetaspaceSize: unlimited
CompressedClassSpaceSize: 1.00 GB
Initial GC threshold: 21.00 MB
Current GC threshold: 97.31 MB
CDS: on
 - commit_granule_bytes: 65536.
 - commit_granule_words: 8192.
 - virtual_space_node_default_size: 8388608.
 - enlarge_chunks_in_place: 1.
 - use_allocation_guard: 0.


Internal statistics:

num_allocs_failed_limit: 11.
num_arena_births: 1192.
num_arena_deaths: 14.
num_vsnodes_births: 2.
num_vsnodes_deaths: 0.
num_space_committed: 1061.
num_space_uncommitted: 0.
num_chunks_returned_to_freelist: 25.
num_chunks_taken_from_freelist: 4098.
num_chunk_merges: 8.
num_chunk_splits: 2533.
num_chunks_enlarged: 1435.
num_inconsistent_stats: 0.

CodeHeap 'non-profiled nmethods': size=120000Kb used=5953Kb max_used=5953Kb free=114046Kb
 bounds [0x0000018194950000, 0x0000018194f30000, 0x000001819be80000]
CodeHeap 'profiled nmethods': size=120000Kb used=19780Kb max_used=19780Kb free=100219Kb
 bounds [0x000001818ce80000, 0x000001818e1e0000, 0x00000181943b0000]
CodeHeap 'non-nmethods': size=5760Kb used=1467Kb max_used=1597Kb free=4292Kb
 bounds [0x00000181943b0000, 0x0000018194620000, 0x0000018194950000]
CodeCache: size=245760Kb, used=27200Kb, max_used=27330Kb, free=218557Kb
 total_blobs=9643, nmethods=8860, adapters=688, full_count=0
Compilation: enabled, stopped_count=0, restarted_count=0

Compilation events (20 events):
Event: 14.424 Thread 0x00000181e27d94b0 nmethod 9649 0x0000018194f1f690 code [0x0000018194f1f820, 0x0000018194f1f8e8]
Event: 14.427 Thread 0x00000181e27d94b0 9645       1       java.lang.reflect.Method::getMethodAccessor (5 bytes)
Event: 14.430 Thread 0x00000181e27d94b0 nmethod 9645 0x0000018194f1f990 code [0x0000018194f1fb20, 0x0000018194f1fbe8]
Event: 14.431 Thread 0x00000181e27d94b0 9647       1       org.eclipse.lsp4j.jsonrpc.messages.RequestMessage::getMethod (5 bytes)
Event: 14.431 Thread 0x00000181e27d94b0 nmethod 9647 0x0000018194f1fc90 code [0x0000018194f1fe20, 0x0000018194f1fee8]
Event: 14.432 Thread 0x00000181e27d94b0 9654   !   2       org.eclipse.jdt.internal.compiler.parser.Scanner::scanForStringLiteral (636 bytes)
Event: 14.435 Thread 0x00000181e27d94b0 nmethod 9654 0x000001818e1c0410 code [0x000001818e1c0740, 0x000001818e1c13e8]
Event: 14.438 Thread 0x00000181e27d94b0 9655       2       org.eclipse.jdt.internal.compiler.util.Util::getLineNumber (89 bytes)
Event: 14.439 Thread 0x00000181e27d94b0 nmethod 9655 0x000001818e1c2110 code [0x000001818e1c22e0, 0x000001818e1c25c0]
Event: 14.439 Thread 0x00000181e27d94b0 9659   !   2       org.eclipse.jdt.ls.core.internal.handlers.FoldingRangeHandler::getNextToken (22 bytes)
Event: 14.440 Thread 0x00000181e27d94b0 nmethod 9659 0x000001818e1c2790 code [0x000001818e1c2960, 0x000001818e1c2bd8]
Event: 14.446 Thread 0x00000181e27d94b0 9656       2       org.eclipse.jdt.internal.core.util.PublicScanner::getLineNumber (9 bytes)
Event: 14.447 Thread 0x00000181e27d94b0 nmethod 9656 0x000001818e1c2e10 code [0x000001818e1c2fc0, 0x000001818e1c30f8]
Event: 14.447 Thread 0x00000181e27d94b0 9657       2       org.eclipse.jdt.internal.compiler.parser.Scanner::getLineNumber (14 bytes)
Event: 14.447 Thread 0x00000181e27d94b0 nmethod 9657 0x000001818e1c3210 code [0x000001818e1c33c0, 0x000001818e1c34f8]
Event: 14.449 Thread 0x00000181e27d94b0 9658       2       org.eclipse.jdt.internal.core.util.PublicScanner::getCurrentTokenStartPosition (8 bytes)
Event: 14.449 Thread 0x00000181e27d94b0 nmethod 9658 0x000001818e1c3590 code [0x000001818e1c3720, 0x000001818e1c3830]
Event: 14.449 Thread 0x00000181e27d94b0 9661       2       org.eclipse.jdt.internal.core.util.PublicScanner::translateTokenToTerminalSymbol (1470 bytes)
Event: 14.456 Thread 0x00000181e27d94b0 nmethod 9661 0x000001818e1c3910 code [0x000001818e1c3b60, 0x000001818e1c4970]
Event: 14.461 Thread 0x00000181e27d94b0 9662   !   2       org.eclipse.jdt.internal.core.util.PublicScanner::$SWITCH_TABLE$org$eclipse$jdt$internal$compiler$parser$TerminalToken (2065 bytes)

GC Heap History (20 events):
Event: 13.595 GC heap before
{Heap before GC invocations=90 (full 3):
 PSYoungGen      total 18432K, used 18336K [0x00000000d5580000, 0x00000000d6900000, 0x0000000100000000)
  eden space 17920K, 100% used [0x00000000d5580000,0x00000000d6700000,0x00000000d6700000)
  from space 512K, 81% used [0x00000000d6880000,0x00000000d68e8000,0x00000000d6900000)
  to   space 512K, 0% used [0x00000000d6800000,0x00000000d6800000,0x00000000d6880000)
 ParOldGen       total 71680K, used 71601K [0x0000000080000000, 0x0000000084600000, 0x00000000d5580000)
  object space 71680K, 99% used [0x0000000080000000,0x00000000845ec558,0x0000000084600000)
 Metaspace       used 60183K, committed 61632K, reserved 1114112K
  class space    used 6561K, committed 7232K, reserved 1048576K
}
Event: 13.596 GC heap after
{Heap after GC invocations=90 (full 3):
 PSYoungGen      total 18432K, used 491K [0x00000000d5580000, 0x00000000d6900000, 0x0000000100000000)
  eden space 17920K, 0% used [0x00000000d5580000,0x00000000d5580000,0x00000000d6700000)
  from space 512K, 96% used [0x00000000d6800000,0x00000000d687af10,0x00000000d6880000)
  to   space 512K, 0% used [0x00000000d6880000,0x00000000d6880000,0x00000000d6900000)
 ParOldGen       total 72192K, used 71952K [0x0000000080000000, 0x0000000084680000, 0x00000000d5580000)
  object space 72192K, 99% used [0x0000000080000000,0x0000000084644058,0x0000000084680000)
 Metaspace       used 60183K, committed 61632K, reserved 1114112K
  class space    used 6561K, committed 7232K, reserved 1048576K
}
Event: 13.773 GC heap before
{Heap before GC invocations=91 (full 3):
 PSYoungGen      total 18432K, used 18411K [0x00000000d5580000, 0x00000000d6900000, 0x0000000100000000)
  eden space 17920K, 100% used [0x00000000d5580000,0x00000000d6700000,0x00000000d6700000)
  from space 512K, 96% used [0x00000000d6800000,0x00000000d687af10,0x00000000d6880000)
  to   space 512K, 0% used [0x00000000d6880000,0x00000000d6880000,0x00000000d6900000)
 ParOldGen       total 72192K, used 71952K [0x0000000080000000, 0x0000000084680000, 0x00000000d5580000)
  object space 72192K, 99% used [0x0000000080000000,0x0000000084644058,0x0000000084680000)
 Metaspace       used 61720K, committed 63104K, reserved 1114112K
  class space    used 6790K, committed 7424K, reserved 1048576K
}
Event: 13.776 GC heap after
{Heap after GC invocations=91 (full 3):
 PSYoungGen      total 17408K, used 512K [0x00000000d5580000, 0x00000000d6c00000, 0x0000000100000000)
  eden space 16896K, 0% used [0x00000000d5580000,0x00000000d5580000,0x00000000d6600000)
  from space 512K, 100% used [0x00000000d6880000,0x00000000d6900000,0x00000000d6900000)
  to   space 2560K, 0% used [0x00000000d6600000,0x00000000d6600000,0x00000000d6880000)
 ParOldGen       total 73728K, used 73497K [0x0000000080000000, 0x0000000084800000, 0x00000000d5580000)
  object space 73728K, 99% used [0x0000000080000000,0x00000000847c6658,0x0000000084800000)
 Metaspace       used 61720K, committed 63104K, reserved 1114112K
  class space    used 6790K, committed 7424K, reserved 1048576K
}
Event: 13.869 GC heap before
{Heap before GC invocations=92 (full 3):
 PSYoungGen      total 17408K, used 17408K [0x00000000d5580000, 0x00000000d6c00000, 0x0000000100000000)
  eden space 16896K, 100% used [0x00000000d5580000,0x00000000d6600000,0x00000000d6600000)
  from space 512K, 100% used [0x00000000d6880000,0x00000000d6900000,0x00000000d6900000)
  to   space 2560K, 0% used [0x00000000d6600000,0x00000000d6600000,0x00000000d6880000)
 ParOldGen       total 73728K, used 73497K [0x0000000080000000, 0x0000000084800000, 0x00000000d5580000)
  object space 73728K, 99% used [0x0000000080000000,0x00000000847c6658,0x0000000084800000)
 Metaspace       used 62072K, committed 63488K, reserved 1114112K
  class space    used 6832K, committed 7488K, reserved 1048576K
}
Event: 13.872 GC heap after
{Heap after GC invocations=92 (full 3):
 PSYoungGen      total 18432K, used 1152K [0x00000000d5580000, 0x00000000d6900000, 0x0000000100000000)
  eden space 16896K, 0% used [0x00000000d5580000,0x00000000d5580000,0x00000000d6600000)
  from space 1536K, 75% used [0x00000000d6600000,0x00000000d6720000,0x00000000d6780000)
  to   space 1536K, 0% used [0x00000000d6780000,0x00000000d6780000,0x00000000d6900000)
 ParOldGen       total 74240K, used 73937K [0x0000000080000000, 0x0000000084880000, 0x00000000d5580000)
  object space 74240K, 99% used [0x0000000080000000,0x0000000084834658,0x0000000084880000)
 Metaspace       used 62072K, committed 63488K, reserved 1114112K
  class space    used 6832K, committed 7488K, reserved 1048576K
}
Event: 13.989 GC heap before
{Heap before GC invocations=93 (full 3):
 PSYoungGen      total 18432K, used 18048K [0x00000000d5580000, 0x00000000d6900000, 0x0000000100000000)
  eden space 16896K, 100% used [0x00000000d5580000,0x00000000d6600000,0x00000000d6600000)
  from space 1536K, 75% used [0x00000000d6600000,0x00000000d6720000,0x00000000d6780000)
  to   space 1536K, 0% used [0x00000000d6780000,0x00000000d6780000,0x00000000d6900000)
 ParOldGen       total 74240K, used 73937K [0x0000000080000000, 0x0000000084880000, 0x00000000d5580000)
  object space 74240K, 99% used [0x0000000080000000,0x0000000084834658,0x0000000084880000)
 Metaspace       used 62549K, committed 64064K, reserved 1114112K
  class space    used 6861K, committed 7552K, reserved 1048576K
}
Event: 13.993 GC heap after
{Heap after GC invocations=93 (full 3):
 PSYoungGen      total 14848K, used 1523K [0x00000000d5580000, 0x00000000d7000000, 0x0000000100000000)
  eden space 13312K, 0% used [0x00000000d5580000,0x00000000d5580000,0x00000000d6280000)
  from space 1536K, 99% used [0x00000000d6780000,0x00000000d68fcd40,0x00000000d6900000)
  to   space 5120K, 0% used [0x00000000d6280000,0x00000000d6280000,0x00000000d6780000)
 ParOldGen       total 77312K, used 76825K [0x0000000080000000, 0x0000000084b80000, 0x00000000d5580000)
  object space 77312K, 99% used [0x0000000080000000,0x0000000084b06628,0x0000000084b80000)
 Metaspace       used 62549K, committed 64064K, reserved 1114112K
  class space    used 6861K, committed 7552K, reserved 1048576K
}
Event: 14.031 GC heap before
{Heap before GC invocations=94 (full 3):
 PSYoungGen      total 14848K, used 14835K [0x00000000d5580000, 0x00000000d7000000, 0x0000000100000000)
  eden space 13312K, 100% used [0x00000000d5580000,0x00000000d6280000,0x00000000d6280000)
  from space 1536K, 99% used [0x00000000d6780000,0x00000000d68fcd40,0x00000000d6900000)
  to   space 5120K, 0% used [0x00000000d6280000,0x00000000d6280000,0x00000000d6780000)
 ParOldGen       total 77312K, used 76825K [0x0000000080000000, 0x0000000084b80000, 0x00000000d5580000)
  object space 77312K, 99% used [0x0000000080000000,0x0000000084b06628,0x0000000084b80000)
 Metaspace       used 62636K, committed 64128K, reserved 1114112K
  class space    used 6867K, committed 7552K, reserved 1048576K
}
Event: 14.034 GC heap after
{Heap after GC invocations=94 (full 3):
 PSYoungGen      total 15872K, used 2080K [0x00000000d5580000, 0x00000000d6880000, 0x0000000100000000)
  eden space 13312K, 0% used [0x00000000d5580000,0x00000000d5580000,0x00000000d6280000)
  from space 2560K, 81% used [0x00000000d6280000,0x00000000d6488000,0x00000000d6500000)
  to   space 3072K, 0% used [0x00000000d6580000,0x00000000d6580000,0x00000000d6880000)
 ParOldGen       total 78336K, used 78219K [0x0000000080000000, 0x0000000084c80000, 0x00000000d5580000)
  object space 78336K, 99% used [0x0000000080000000,0x0000000084c62d30,0x0000000084c80000)
 Metaspace       used 62636K, committed 64128K, reserved 1114112K
  class space    used 6867K, committed 7552K, reserved 1048576K
}
Event: 14.111 GC heap before
{Heap before GC invocations=95 (full 3):
 PSYoungGen      total 15872K, used 15392K [0x00000000d5580000, 0x00000000d6880000, 0x0000000100000000)
  eden space 13312K, 100% used [0x00000000d5580000,0x00000000d6280000,0x00000000d6280000)
  from space 2560K, 81% used [0x00000000d6280000,0x00000000d6488000,0x00000000d6500000)
  to   space 3072K, 0% used [0x00000000d6580000,0x00000000d6580000,0x00000000d6880000)
 ParOldGen       total 78336K, used 78219K [0x0000000080000000, 0x0000000084c80000, 0x00000000d5580000)
  object space 78336K, 99% used [0x0000000080000000,0x0000000084c62d30,0x0000000084c80000)
 Metaspace       used 63451K, committed 64896K, reserved 1114112K
  class space    used 6955K, committed 7616K, reserved 1048576K
}
Event: 14.114 GC heap after
{Heap after GC invocations=95 (full 3):
 PSYoungGen      total 16384K, used 2525K [0x00000000d5580000, 0x00000000d6880000, 0x0000000100000000)
  eden space 13312K, 0% used [0x00000000d5580000,0x00000000d5580000,0x00000000d6280000)
  from space 3072K, 82% used [0x00000000d6580000,0x00000000d67f7600,0x00000000d6880000)
  to   space 3072K, 0% used [0x00000000d6280000,0x00000000d6280000,0x00000000d6580000)
 ParOldGen       total 80384K, used 79987K [0x0000000080000000, 0x0000000084e80000, 0x00000000d5580000)
  object space 80384K, 99% used [0x0000000080000000,0x0000000084e1cd80,0x0000000084e80000)
 Metaspace       used 63451K, committed 64896K, reserved 1114112K
  class space    used 6955K, committed 7616K, reserved 1048576K
}
Event: 14.166 GC heap before
{Heap before GC invocations=96 (full 3):
 PSYoungGen      total 16384K, used 15837K [0x00000000d5580000, 0x00000000d6880000, 0x0000000100000000)
  eden space 13312K, 100% used [0x00000000d5580000,0x00000000d6280000,0x00000000d6280000)
  from space 3072K, 82% used [0x00000000d6580000,0x00000000d67f7600,0x00000000d6880000)
  to   space 3072K, 0% used [0x00000000d6280000,0x00000000d6280000,0x00000000d6580000)
 ParOldGen       total 80384K, used 79987K [0x0000000080000000, 0x0000000084e80000, 0x00000000d5580000)
  object space 80384K, 99% used [0x0000000080000000,0x0000000084e1cd80,0x0000000084e80000)
 Metaspace       used 63670K, committed 65152K, reserved 1114112K
  class space    used 6974K, committed 7616K, reserved 1048576K
}
Event: 14.170 GC heap after
{Heap after GC invocations=96 (full 3):
 PSYoungGen      total 14848K, used 1339K [0x00000000d5580000, 0x00000000d6680000, 0x0000000100000000)
  eden space 13312K, 0% used [0x00000000d5580000,0x00000000d5580000,0x00000000d6280000)
  from space 1536K, 87% used [0x00000000d6280000,0x00000000d63cefc8,0x00000000d6400000)
  to   space 2048K, 0% used [0x00000000d6480000,0x00000000d6480000,0x00000000d6680000)
 ParOldGen       total 81920K, used 81585K [0x0000000080000000, 0x0000000085000000, 0x00000000d5580000)
  object space 81920K, 99% used [0x0000000080000000,0x0000000084fac760,0x0000000085000000)
 Metaspace       used 63670K, committed 65152K, reserved 1114112K
  class space    used 6974K, committed 7616K, reserved 1048576K
}
Event: 14.281 GC heap before
{Heap before GC invocations=97 (full 3):
 PSYoungGen      total 14848K, used 14651K [0x00000000d5580000, 0x00000000d6680000, 0x0000000100000000)
  eden space 13312K, 100% used [0x00000000d5580000,0x00000000d6280000,0x00000000d6280000)
  from space 1536K, 87% used [0x00000000d6280000,0x00000000d63cefc8,0x00000000d6400000)
  to   space 2048K, 0% used [0x00000000d6480000,0x00000000d6480000,0x00000000d6680000)
 ParOldGen       total 81920K, used 81585K [0x0000000080000000, 0x0000000085000000, 0x00000000d5580000)
  object space 81920K, 99% used [0x0000000080000000,0x0000000084fac760,0x0000000085000000)
 Metaspace       used 64735K, committed 66240K, reserved 1114112K
  class space    used 7072K, committed 7744K, reserved 1048576K
}
Event: 14.283 GC heap after
{Heap after GC invocations=97 (full 3):
 PSYoungGen      total 15360K, used 1783K [0x00000000d5580000, 0x00000000d6680000, 0x0000000100000000)
  eden space 13312K, 0% used [0x00000000d5580000,0x00000000d5580000,0x00000000d6280000)
  from space 2048K, 87% used [0x00000000d6480000,0x00000000d663de78,0x00000000d6680000)
  to   space 2048K, 0% used [0x00000000d6280000,0x00000000d6280000,0x00000000d6480000)
 ParOldGen       total 81920K, used 81786K [0x0000000080000000, 0x0000000085000000, 0x00000000d5580000)
  object space 81920K, 99% used [0x0000000080000000,0x0000000084fdebe0,0x0000000085000000)
 Metaspace       used 64735K, committed 66240K, reserved 1114112K
  class space    used 7072K, committed 7744K, reserved 1048576K
}
Event: 14.301 GC heap before
{Heap before GC invocations=98 (full 3):
 PSYoungGen      total 15360K, used 15002K [0x00000000d5580000, 0x00000000d6680000, 0x0000000100000000)
  eden space 13312K, 99% used [0x00000000d5580000,0x00000000d6268ba8,0x00000000d6280000)
  from space 2048K, 87% used [0x00000000d6480000,0x00000000d663de78,0x00000000d6680000)
  to   space 2048K, 0% used [0x00000000d6280000,0x00000000d6280000,0x00000000d6480000)
 ParOldGen       total 81920K, used 81786K [0x0000000080000000, 0x0000000085000000, 0x00000000d5580000)
  object space 81920K, 99% used [0x0000000080000000,0x0000000084fdebe0,0x0000000085000000)
 Metaspace       used 64806K, committed 66304K, reserved 1114112K
  class space    used 7076K, committed 7744K, reserved 1048576K
}
Event: 14.305 GC heap after
{Heap after GC invocations=98 (full 3):
 PSYoungGen      total 15360K, used 2020K [0x00000000d5580000, 0x00000000d6e80000, 0x0000000100000000)
  eden space 13312K, 0% used [0x00000000d5580000,0x00000000d5580000,0x00000000d6280000)
  from space 2048K, 98% used [0x00000000d6280000,0x00000000d64793d8,0x00000000d6480000)
  to   space 6144K, 0% used [0x00000000d6880000,0x00000000d6880000,0x00000000d6e80000)
 ParOldGen       total 84992K, used 84867K [0x0000000080000000, 0x0000000085300000, 0x00000000d5580000)
  object space 84992K, 99% used [0x0000000080000000,0x00000000852e0fc0,0x0000000085300000)
 Metaspace       used 64806K, committed 66304K, reserved 1114112K
  class space    used 7076K, committed 7744K, reserved 1048576K
}
Event: 14.333 GC heap before
{Heap before GC invocations=99 (full 3):
 PSYoungGen      total 15360K, used 15332K [0x00000000d5580000, 0x00000000d6e80000, 0x0000000100000000)
  eden space 13312K, 100% used [0x00000000d5580000,0x00000000d6280000,0x00000000d6280000)
  from space 2048K, 98% used [0x00000000d6280000,0x00000000d64793d8,0x00000000d6480000)
  to   space 6144K, 0% used [0x00000000d6880000,0x00000000d6880000,0x00000000d6e80000)
 ParOldGen       total 84992K, used 84867K [0x0000000080000000, 0x0000000085300000, 0x00000000d5580000)
  object space 84992K, 99% used [0x0000000080000000,0x00000000852e0fc0,0x0000000085300000)
 Metaspace       used 64994K, committed 66560K, reserved 1114112K
  class space    used 7093K, committed 7808K, reserved 1048576K
}
Event: 14.335 GC heap after
{Heap after GC invocations=99 (full 3):
 PSYoungGen      total 14848K, used 1370K [0x00000000d5580000, 0x00000000d6a00000, 0x0000000100000000)
  eden space 13312K, 0% used [0x00000000d5580000,0x00000000d5580000,0x00000000d6280000)
  from space 1536K, 89% used [0x00000000d6880000,0x00000000d69d6bb8,0x00000000d6a00000)
  to   space 3072K, 0% used [0x00000000d6400000,0x00000000d6400000,0x00000000d6700000)
 ParOldGen       total 86016K, used 85947K [0x0000000080000000, 0x0000000085400000, 0x00000000d5580000)
  object space 86016K, 99% used [0x0000000080000000,0x00000000853eef00,0x0000000085400000)
 Metaspace       used 64994K, committed 66560K, reserved 1114112K
  class space    used 7093K, committed 7808K, reserved 1048576K
}

Dll operation events (12 events):
Event: 0.009 Loaded shared library c:\Users\osaka\.vscode\extensions\redhat.java-1.54.0-win32-x64\jre\21.0.10-win32-x86_64\bin\java.dll
Event: 0.069 Loaded shared library c:\Users\osaka\.vscode\extensions\redhat.java-1.54.0-win32-x64\jre\21.0.10-win32-x86_64\bin\zip.dll
Event: 0.096 Loaded shared library C:\Users\osaka\.vscode\extensions\redhat.java-1.54.0-win32-x64\jre\21.0.10-win32-x86_64\bin\instrument.dll
Event: 0.101 Loaded shared library C:\Users\osaka\.vscode\extensions\redhat.java-1.54.0-win32-x64\jre\21.0.10-win32-x86_64\bin\net.dll
Event: 0.104 Loaded shared library C:\Users\osaka\.vscode\extensions\redhat.java-1.54.0-win32-x64\jre\21.0.10-win32-x86_64\bin\nio.dll
Event: 0.110 Loaded shared library C:\Users\osaka\.vscode\extensions\redhat.java-1.54.0-win32-x64\jre\21.0.10-win32-x86_64\bin\zip.dll
Event: 0.126 Loaded shared library C:\Users\osaka\.vscode\extensions\redhat.java-1.54.0-win32-x64\jre\21.0.10-win32-x86_64\bin\jimage.dll
Event: 0.204 Loaded shared library c:\Users\osaka\.vscode\extensions\redhat.java-1.54.0-win32-x64\jre\21.0.10-win32-x86_64\bin\verify.dll
Event: 1.383 Loaded shared library C:\Users\osaka\AppData\Roaming\Code\User\globalStorage\redhat.java\1.54.0\config_win\org.eclipse.equinox.launcher\org.eclipse.equinox.launcher.win32.win32.x86_64_1.3.0.v20260203-2149\eclipse_11919.dll
Event: 4.725 Loaded shared library C:\Users\osaka\AppData\Local\Temp\jna-106033427\jna14333851641323943378.dll
Event: 6.616 Loaded shared library C:\Users\osaka\.vscode\extensions\redhat.java-1.54.0-win32-x64\jre\21.0.10-win32-x86_64\bin\sunmscapi.dll
Event: 6.971 Loaded shared library C:\Users\osaka\.vscode\extensions\redhat.java-1.54.0-win32-x64\jre\21.0.10-win32-x86_64\bin\extnet.dll

Deoptimization events (20 events):
Event: 14.326 Thread 0x00000181e9c7c620 DEOPT PACKING pc=0x000001818d6c3ef1 sp=0x0000000dbf4fbc40
Event: 14.326 Thread 0x00000181e9c7c620 DEOPT UNPACKING pc=0x0000018194404242 sp=0x0000000dbf4fb1e8 mode 0
Event: 14.336 Thread 0x00000181e9c7c620 DEOPT PACKING pc=0x000001818d6c3ef1 sp=0x0000000dbf4fbc40
Event: 14.336 Thread 0x00000181e9c7c620 DEOPT UNPACKING pc=0x0000018194404242 sp=0x0000000dbf4fb1e8 mode 0
Event: 14.342 Thread 0x00000181e93e3960 Uncommon trap: trap_request=0xffffffde fr.pc=0x0000018194e5cd00 relative=0x00000000000007c0
Event: 14.342 Thread 0x00000181e93e3960 Uncommon trap: reason=class_check action=maybe_recompile pc=0x0000018194e5cd00 method=java.text.Format.format(Ljava/lang/Object;)Ljava/lang/String; @ 17 c2
Event: 14.342 Thread 0x00000181e93e3960 DEOPT PACKING pc=0x0000018194e5cd00 sp=0x0000000dbd1fe4f0
Event: 14.342 Thread 0x00000181e93e3960 DEOPT UNPACKING pc=0x0000018194403aa2 sp=0x0000000dbd1fe4e8 mode 2
Event: 14.352 Thread 0x00000181eb2cdb60 Uncommon trap: trap_request=0xffffff45 fr.pc=0x0000018194c5f124 relative=0x0000000000000184
Event: 14.352 Thread 0x00000181eb2cdb60 Uncommon trap: reason=unstable_if action=reinterpret pc=0x0000018194c5f124 method=java.lang.StringCoding.implEncodeAsciiArray([CI[BII)I @ 23 c2
Event: 14.353 Thread 0x00000181eb2cdb60 DEOPT PACKING pc=0x0000018194c5f124 sp=0x0000000dbe8fe620
Event: 14.353 Thread 0x00000181eb2cdb60 DEOPT UNPACKING pc=0x0000018194403aa2 sp=0x0000000dbe8fe5b8 mode 2
Event: 14.356 Thread 0x00000181e93e4d10 Uncommon trap: trap_request=0xffffff45 fr.pc=0x0000018194dd7bb8 relative=0x0000000000000098
Event: 14.357 Thread 0x00000181e93e4d10 Uncommon trap: reason=unstable_if action=reinterpret pc=0x0000018194dd7bb8 method=java.util.Hashtable$Enumerator.nextElement()Ljava/lang/Object; @ 87 c2
Event: 14.357 Thread 0x00000181e93e4d10 DEOPT PACKING pc=0x0000018194dd7bb8 sp=0x0000000dbd7fea60
Event: 14.357 Thread 0x00000181e93e4d10 DEOPT UNPACKING pc=0x0000018194403aa2 sp=0x0000000dbd7fe9e0 mode 2
Event: 14.460 Thread 0x00000181e93e3960 Uncommon trap: trap_request=0xffffffde fr.pc=0x0000018194bf6eb4 relative=0x0000000000000274
Event: 14.461 Thread 0x00000181e93e3960 Uncommon trap: reason=class_check action=maybe_recompile pc=0x0000018194bf6eb4 method=java.util.Comparator.lambda$comparing$77a9974f$1(Ljava/util/function/Function;Ljava/lang/Object;Ljava/lang/Object;)I @ 7 c2
Event: 14.462 Thread 0x00000181e93e3960 DEOPT PACKING pc=0x0000018194bf6eb4 sp=0x0000000dbd1fdb40
Event: 14.462 Thread 0x00000181e93e3960 DEOPT UNPACKING pc=0x0000018194403aa2 sp=0x0000000dbd1fda70 mode 2

Classes loaded (20 events):
Event: 11.655 Loading class java/util/WeakHashMap$KeyIterator
Event: 11.655 Loading class java/util/WeakHashMap$KeyIterator done
Event: 12.223 Loading class java/lang/UnsupportedClassVersionError
Event: 12.223 Loading class java/lang/UnsupportedClassVersionError done
Event: 13.632 Loading class java/util/stream/ReduceOps$4
Event: 13.632 Loading class java/util/stream/ReduceOps$4 done
Event: 13.632 Loading class java/util/stream/ReduceOps$4ReducingSink
Event: 13.633 Loading class java/util/stream/ReduceOps$4ReducingSink done
Event: 13.640 Loading class java/util/stream/ReferencePipeline$4
Event: 13.640 Loading class java/util/stream/ReferencePipeline$4 done
Event: 13.640 Loading class java/util/stream/Nodes$IntFixedNodeBuilder
Event: 13.641 Loading class java/util/stream/Node$Builder$OfInt
Event: 13.641 Loading class java/util/stream/Node$Builder$OfInt done
Event: 13.641 Loading class java/util/stream/Nodes$IntArrayNode
Event: 13.641 Loading class java/util/stream/Nodes$IntArrayNode done
Event: 13.641 Loading class java/util/stream/Nodes$IntFixedNodeBuilder done
Event: 13.641 Loading class java/util/stream/ReferencePipeline$4$1
Event: 13.641 Loading class java/util/stream/ReferencePipeline$4$1 done
Event: 14.269 Loading class java/util/Hashtable$KeySet
Event: 14.269 Loading class java/util/Hashtable$KeySet done

Classes unloaded (7 events):
Event: 5.232 Thread 0x0000018189c1be30 Unloading class 0x00000181a21a5000 'java/lang/invoke/LambdaForm$MH+0x00000181a21a5000'
Event: 5.232 Thread 0x0000018189c1be30 Unloading class 0x00000181a21a4c00 'java/lang/invoke/LambdaForm$MH+0x00000181a21a4c00'
Event: 5.232 Thread 0x0000018189c1be30 Unloading class 0x00000181a21a4800 'java/lang/invoke/LambdaForm$MH+0x00000181a21a4800'
Event: 5.232 Thread 0x0000018189c1be30 Unloading class 0x00000181a21a4400 'java/lang/invoke/LambdaForm$MH+0x00000181a21a4400'
Event: 5.232 Thread 0x0000018189c1be30 Unloading class 0x00000181a21a4000 'java/lang/invoke/LambdaForm$BMH+0x00000181a21a4000'
Event: 5.232 Thread 0x0000018189c1be30 Unloading class 0x00000181a21a3c00 'java/lang/invoke/LambdaForm$DMH+0x00000181a21a3c00'
Event: 5.232 Thread 0x0000018189c1be30 Unloading class 0x00000181a21a2800 'java/lang/invoke/LambdaForm$DMH+0x00000181a21a2800'

Classes redefined (0 events):
No events

Internal exceptions (20 events):
Event: 14.148 Thread 0x00000181e93e4d10 Exception <a 'java/io/FileNotFoundException'{0x00000000d5ccacd8}> (0x00000000d5ccacd8) 
thrown [s\src\hotspot\share\prims\jni.cpp, line 520]
Event: 14.148 Thread 0x00000181e93e4d10 Exception <a 'java/io/FileNotFoundException'{0x00000000d5ccba78}> (0x00000000d5ccba78) 
thrown [s\src\hotspot\share\prims\jni.cpp, line 520]
Event: 14.203 Thread 0x00000181eb2cdb60 Exception <a 'java/lang/IncompatibleClassChangeError'{0x00000000d5867b28}: Found class java.lang.Object, but interface was expected> (0x00000000d5867b28) 
thrown [s\src\hotspot\share\interpreter\linkResolver.cpp, line 840]
Event: 14.270 Thread 0x00000181e93e3960 Exception <a 'java/io/FileNotFoundException'{0x00000000d60333e0}> (0x00000000d60333e0) 
thrown [s\src\hotspot\share\prims\jni.cpp, line 520]
Event: 14.271 Thread 0x00000181e93e3960 Exception <a 'java/io/FileNotFoundException'{0x00000000d6072cd0}> (0x00000000d6072cd0) 
thrown [s\src\hotspot\share\prims\jni.cpp, line 520]
Event: 14.271 Thread 0x00000181e93e3960 Exception <a 'java/io/FileNotFoundException'{0x00000000d60b7b20}> (0x00000000d60b7b20) 
thrown [s\src\hotspot\share\prims\jni.cpp, line 520]
Event: 14.330 Thread 0x00000181e93e3960 Exception <a 'sun/nio/fs/WindowsException'{0x00000000d5edcd80}> (0x00000000d5edcd80) 
thrown [s\src\hotspot\share\prims\jni.cpp, line 520]
Event: 14.330 Thread 0x00000181e93e3960 Exception <a 'sun/nio/fs/WindowsException'{0x00000000d5edd3b0}> (0x00000000d5edd3b0) 
thrown [s\src\hotspot\share\prims\jni.cpp, line 520]
Event: 14.331 Thread 0x00000181e93e3960 Exception <a 'sun/nio/fs/WindowsException'{0x00000000d6058728}> (0x00000000d6058728) 
thrown [s\src\hotspot\share\prims\jni.cpp, line 520]
Event: 14.331 Thread 0x00000181e93e3960 Exception <a 'sun/nio/fs/WindowsException'{0x00000000d6058d58}> (0x00000000d6058d58) 
thrown [s\src\hotspot\share\prims\jni.cpp, line 520]
Event: 14.343 Thread 0x00000181e93e3960 Exception <a 'java/io/FileNotFoundException'{0x00000000d58f0040}> (0x00000000d58f0040) 
thrown [s\src\hotspot\share\prims\jni.cpp, line 520]
Event: 14.344 Thread 0x00000181e93e3960 Exception <a 'java/io/FileNotFoundException'{0x00000000d58f0df8}> (0x00000000d58f0df8) 
thrown [s\src\hotspot\share\prims\jni.cpp, line 520]
Event: 14.348 Thread 0x00000181eb2cdb60 Exception <a 'java/lang/IncompatibleClassChangeError'{0x00000000d5b7fc08}: Found class java.lang.Object, but interface was expected> (0x00000000d5b7fc08) 
thrown [s\src\hotspot\share\interpreter\linkResolver.cpp, line 840]
Event: 14.356 Thread 0x00000181eb2cdb60 Exception <a 'java/lang/IncompatibleClassChangeError'{0x00000000d5c06fc8}: Found class java.lang.Object, but interface was expected> (0x00000000d5c06fc8) 
thrown [s\src\hotspot\share\interpreter\linkResolver.cpp, line 840]
Event: 14.360 Thread 0x00000181eb2cdb60 Exception <a 'java/lang/IncompatibleClassChangeError'{0x00000000d5c8a658}: Found class java.lang.Object, but interface was expected> (0x00000000d5c8a658) 
thrown [s\src\hotspot\share\interpreter\linkResolver.cpp, line 840]
Event: 14.378 Thread 0x00000181eb2cdb60 Exception <a 'java/lang/IncompatibleClassChangeError'{0x00000000d5d66a78}: Found class java.lang.Object, but interface was expected> (0x00000000d5d66a78) 
thrown [s\src\hotspot\share\interpreter\linkResolver.cpp, line 840]
Event: 14.379 Thread 0x00000181eb2cdb60 Exception <a 'java/lang/IncompatibleClassChangeError'{0x00000000d5dbd7d8}: Found class java.lang.Object, but interface was expected> (0x00000000d5dbd7d8) 
thrown [s\src\hotspot\share\interpreter\linkResolver.cpp, line 840]
Event: 14.382 Thread 0x00000181e93e3960 Exception <a 'sun/nio/fs/WindowsException'{0x00000000d5df9a88}> (0x00000000d5df9a88) 
thrown [s\src\hotspot\share\prims\jni.cpp, line 520]
Event: 14.382 Thread 0x00000181e93e3960 Exception <a 'sun/nio/fs/WindowsException'{0x00000000d5dfa0b8}> (0x00000000d5dfa0b8) 
thrown [s\src\hotspot\share\prims\jni.cpp, line 520]
Event: 14.432 Thread 0x00000181eb2cc120 Exception <a 'java/lang/ArrayIndexOutOfBoundsException'{0x00000000d5f48c08}> (0x00000000d5f48c08) 
thrown [s\src\hotspot\share\runtime\sharedRuntime.cpp, line 625]

ZGC Phase Switch (0 events):
No events

VM Operations (20 events):
Event: 13.923 Executing non-safepoint VM operation: HandshakeAllThreads (Deoptimize)
Event: 13.923 Executing non-safepoint VM operation: HandshakeAllThreads (Deoptimize) done
Event: 13.989 Executing safepoint VM operation: ParallelGCFailedAllocation (Allocation Failure)
Event: 13.993 Executing safepoint VM operation: ParallelGCFailedAllocation (Allocation Failure) done
Event: 14.031 Executing safepoint VM operation: ParallelGCFailedAllocation (Allocation Failure)
Event: 14.034 Executing safepoint VM operation: ParallelGCFailedAllocation (Allocation Failure) done
Event: 14.039 Executing non-safepoint VM operation: HandshakeAllThreads (Deoptimize)
Event: 14.040 Executing non-safepoint VM operation: HandshakeAllThreads (Deoptimize) done
Event: 14.110 Executing safepoint VM operation: ParallelGCFailedAllocation (Allocation Failure)
Event: 14.114 Executing safepoint VM operation: ParallelGCFailedAllocation (Allocation Failure) done
Event: 14.165 Executing safepoint VM operation: ParallelGCFailedAllocation (Allocation Failure)
Event: 14.170 Executing safepoint VM operation: ParallelGCFailedAllocation (Allocation Failure) done
Event: 14.278 Executing safepoint VM operation: ParallelGCFailedAllocation (Allocation Failure)
Event: 14.283 Executing safepoint VM operation: ParallelGCFailedAllocation (Allocation Failure) done
Event: 14.300 Executing safepoint VM operation: ParallelGCFailedAllocation (Allocation Failure)
Event: 14.305 Executing safepoint VM operation: ParallelGCFailedAllocation (Allocation Failure) done
Event: 14.333 Executing safepoint VM operation: ParallelGCFailedAllocation (Allocation Failure)
Event: 14.335 Executing safepoint VM operation: ParallelGCFailedAllocation (Allocation Failure) done
Event: 14.377 Executing non-safepoint VM operation: HandshakeAllThreads (Deoptimize)
Event: 14.383 Executing non-safepoint VM operation: HandshakeAllThreads (Deoptimize) done

Memory protections (0 events):
No events

Nmethod flushes (20 events):
Event: 11.601 Thread 0x0000018189c1be30 flushing  nmethod 0x000001818d688610
Event: 11.601 Thread 0x0000018189c1be30 flushing  nmethod 0x000001818d6acc90
Event: 11.601 Thread 0x0000018189c1be30 flushing osr nmethod 0x000001818d70e390
Event: 11.601 Thread 0x0000018189c1be30 flushing osr nmethod 0x000001818d729410
Event: 11.601 Thread 0x0000018189c1be30 flushing  nmethod 0x000001818d736790
Event: 11.601 Thread 0x0000018189c1be30 flushing  nmethod 0x000001818d747990
Event: 11.601 Thread 0x0000018189c1be30 flushing  nmethod 0x000001818d748890
Event: 11.601 Thread 0x0000018189c1be30 flushing  nmethod 0x000001818d748c10
Event: 11.601 Thread 0x0000018189c1be30 flushing  nmethod 0x000001818d748f90
Event: 11.601 Thread 0x0000018189c1be30 flushing  nmethod 0x000001818d75f510
Event: 11.601 Thread 0x0000018189c1be30 flushing  nmethod 0x000001818d75fb10
Event: 11.601 Thread 0x0000018189c1be30 flushing  nmethod 0x000001818d760390
Event: 11.601 Thread 0x0000018189c1be30 flushing  nmethod 0x000001818d760f90
Event: 11.601 Thread 0x0000018189c1be30 flushing  nmethod 0x000001818d761590
Event: 11.601 Thread 0x0000018189c1be30 flushing  nmethod 0x000001818d762a90
Event: 11.601 Thread 0x0000018189c1be30 flushing  nmethod 0x000001818d788710
Event: 11.601 Thread 0x0000018189c1be30 flushing  nmethod 0x000001818d7a8a10
Event: 11.601 Thread 0x0000018189c1be30 flushing osr nmethod 0x000001818d7f9a10
Event: 11.601 Thread 0x0000018189c1be30 flushing  nmethod 0x000001818d82e710
Event: 11.601 Thread 0x0000018189c1be30 flushing  nmethod 0x000001818d838610

Events (20 events):
Event: 7.047 Thread 0x00000181e9c7b270 Thread added: 0x00000181e9c7c620
Event: 7.623 Thread 0x00000181e8753ba0 Thread added: 0x00000181e9c7d340
Event: 7.628 Thread 0x00000181e9c7d340 Thread exited: 0x00000181e9c7d340
Event: 7.718 Thread 0x00000181e8753ba0 Thread added: 0x00000181e9c7d340
Event: 8.767 Thread 0x00000181eb2cad70 Thread added: 0x00000181e9c7abe0
Event: 9.155 Thread 0x00000181ea205bb0 Thread exited: 0x00000181ea205bb0
Event: 9.155 Thread 0x00000181e92427d0 Thread exited: 0x00000181e92427d0
Event: 9.162 Thread 0x00000181e27d94b0 Thread added: 0x00000181eb4baa40
Event: 9.185 Thread 0x00000181e27d94b0 Thread added: 0x00000181eb4bb110
Event: 9.396 Thread 0x00000181e9c7abe0 Thread exited: 0x00000181e9c7abe0
Event: 11.048 Thread 0x00000181eb4bb110 Thread exited: 0x00000181eb4bb110
Event: 11.048 Thread 0x00000181eb4baa40 Thread exited: 0x00000181eb4baa40
Event: 11.662 Thread 0x00000181e27d94b0 Thread added: 0x00000181eacea1d0
Event: 12.009 Thread 0x00000181e27d94b0 Thread added: 0x00000181eacec3e0
Event: 12.466 Thread 0x00000181eacec3e0 Thread exited: 0x00000181eacec3e0
Event: 13.220 Thread 0x00000181e27d94b0 Thread added: 0x00000181eaced180
Event: 13.400 Thread 0x00000181eaced180 Thread exited: 0x00000181eaced180
Event: 13.547 Thread 0x00000181eacea1d0 Thread exited: 0x00000181eacea1d0
Event: 13.594 Thread 0x00000181e27d94b0 Thread added: 0x00000181eaced180
Event: 13.650 Thread 0x00000181e27d94b0 Thread added: 0x00000181eaced850


Dynamic libraries:
0x00007ff649ef0000 - 0x00007ff649efe000 	c:\Users\osaka\.vscode\extensions\redhat.java-1.54.0-win32-x64\jre\21.0.10-win32-x86_64\bin\java.exe
0x00007ff9acda0000 - 0x00007ff9ad007000 	C:\Windows\SYSTEM32\ntdll.dll
0x00007ff9aac50000 - 0x00007ff9aad19000 	C:\Windows\System32\KERNEL32.DLL
0x00007ff9a9670000 - 0x00007ff9a9a64000 	C:\Windows\System32\KERNELBASE.dll
0x00007ff9a9bd0000 - 0x00007ff9a9d1b000 	C:\Windows\System32\ucrtbase.dll
0x00007ff984c60000 - 0x00007ff984c78000 	c:\Users\osaka\.vscode\extensions\redhat.java-1.54.0-win32-x64\jre\21.0.10-win32-x86_64\bin\jli.dll
0x00007ff9abd80000 - 0x00007ff9abf45000 	C:\Windows\System32\USER32.dll
0x00007ff9aab00000 - 0x00007ff9aab27000 	C:\Windows\System32\win32u.dll
0x00007ff9ab6d0000 - 0x00007ff9ab6fb000 	C:\Windows\System32\GDI32.dll
0x00007ff984390000 - 0x00007ff9843ae000 	c:\Users\osaka\.vscode\extensions\redhat.java-1.54.0-win32-x64\jre\21.0.10-win32-x86_64\bin\VCRUNTIME140.dll
0x00007ff9a9de0000 - 0x00007ff9a9f0b000 	C:\Windows\System32\gdi32full.dll
0x00007ff9a9a70000 - 0x00007ff9a9b13000 	C:\Windows\System32\msvcp_win.dll
0x00007ff997370000 - 0x00007ff997603000 	C:\Windows\WinSxS\amd64_microsoft.windows.common-controls_6595b64144ccf1df_6.0.26100.8115_none_3e075c82e3354f9c\COMCTL32.dll
0x00007ff9ac1b0000 - 0x00007ff9ac259000 	C:\Windows\System32\msvcrt.dll
0x00007ff9ab800000 - 0x00007ff9ab832000 	C:\Windows\System32\IMM32.DLL
0x00007ff9955f0000 - 0x00007ff9956e2000 	C:\Program Files\Windhawk\Engine\1.7.3\64\windhawk.dll
0x00007ff9aad50000 - 0x00007ff9aae06000 	C:\Windows\System32\ADVAPI32.dll
0x00007ff9ab840000 - 0x00007ff9ab8e7000 	C:\Windows\System32\sechost.dll
0x00007ff9aae10000 - 0x00007ff9aaf28000 	C:\Windows\System32\RPCRT4.dll
0x00007ff995440000 - 0x00007ff99546a000 	C:\ProgramData\Windhawk\Engine\Mods\64\explorer-details-better-file-sizes_1.5_568914.dll
0x00007ff9ac970000 - 0x00007ff9acb07000 	C:\Windows\System32\ole32.dll
0x00007ff9ac470000 - 0x00007ff9ac7f2000 	C:\Windows\System32\combase.dll
0x00007ff9ab720000 - 0x00007ff9ab7f8000 	C:\Windows\System32\OLEAUT32.dll
0x00007ff9aaf50000 - 0x00007ff9ab6b7000 	C:\Windows\System32\SHELL32.dll
0x00007ff9aa900000 - 0x00007ff9aaa6a000 	C:\Windows\System32\wintypes.dll
0x00007ff993d50000 - 0x00007ff993ef9000 	C:\ProgramData\Windhawk\Engine\Mods\64\libc++.whl
0x00007ff9a4ed0000 - 0x00007ff9a4fd3000 	C:\Windows\SYSTEM32\PROPSYS.dll
0x00007ff9953e0000 - 0x00007ff99541a000 	C:\ProgramData\Windhawk\Engine\Mods\64\libunwind.whl
0x00007ff997110000 - 0x00007ff997129000 	C:\ProgramData\Windhawk\Engine\Mods\64\invisible-borders_1.0.0_889542.dll
0x00007ff9a73e0000 - 0x00007ff9a740f000 	C:\Windows\SYSTEM32\dwmapi.dll
0x00007ff9a4c50000 - 0x00007ff9a4c5c000 	c:\Users\osaka\.vscode\extensions\redhat.java-1.54.0-win32-x64\jre\21.0.10-win32-x86_64\bin\vcruntime140_1.dll
0x00007ff97aba0000 - 0x00007ff97ac2d000 	c:\Users\osaka\.vscode\extensions\redhat.java-1.54.0-win32-x64\jre\21.0.10-win32-x86_64\bin\msvcp140.dll
0x00007ff8ce130000 - 0x00007ff8ceed1000 	c:\Users\osaka\.vscode\extensions\redhat.java-1.54.0-win32-x64\jre\21.0.10-win32-x86_64\bin\server\jvm.dll
0x00007ff9aab30000 - 0x00007ff9aabb0000 	C:\Windows\System32\WS2_32.dll
0x00007ff9a9420000 - 0x00007ff9a947e000 	C:\Windows\SYSTEM32\POWRPROF.dll
0x00007ff9a2090000 - 0x00007ff9a209b000 	C:\Windows\SYSTEM32\VERSION.dll
0x00007ff99b450000 - 0x00007ff99b486000 	C:\Windows\SYSTEM32\WINMM.dll
0x00007ff9a9400000 - 0x00007ff9a9414000 	C:\Windows\SYSTEM32\UMPDC.dll
0x00007ff9a83c0000 - 0x00007ff9a83db000 	C:\Windows\SYSTEM32\kernel.appcore.dll
0x00007ff99f420000 - 0x00007ff99f42a000 	c:\Users\osaka\.vscode\extensions\redhat.java-1.54.0-win32-x64\jre\21.0.10-win32-x86_64\bin\jimage.dll
0x00007ff99d530000 - 0x00007ff99d772000 	C:\Windows\SYSTEM32\DBGHELP.DLL
0x00007ff99c740000 - 0x00007ff99c77b000 	C:\Windows\SYSTEM32\dbgcore.DLL
0x00007ff9a9b20000 - 0x00007ff9a9bc5000 	C:\Windows\System32\bcryptPrimitives.dll
0x00007ff999bc0000 - 0x00007ff999bcf000 	c:\Users\osaka\.vscode\extensions\redhat.java-1.54.0-win32-x64\jre\21.0.10-win32-x86_64\bin\instrument.dll
0x00007ff980890000 - 0x00007ff9808b0000 	c:\Users\osaka\.vscode\extensions\redhat.java-1.54.0-win32-x64\jre\21.0.10-win32-x86_64\bin\java.dll
0x00007ff9a9f10000 - 0x00007ff9aa778000 	C:\Windows\System32\windows.storage.dll
0x00007ff9ac2b0000 - 0x00007ff9ac3a8000 	C:\Windows\System32\SHCORE.dll
0x00007ff9acb10000 - 0x00007ff9acb76000 	C:\Windows\System32\shlwapi.dll
0x00007ff9a9590000 - 0x00007ff9a95b9000 	C:\Windows\System32\profapi.dll
0x00007ff97e9d0000 - 0x00007ff97e9e8000 	c:\Users\osaka\.vscode\extensions\redhat.java-1.54.0-win32-x64\jre\21.0.10-win32-x86_64\bin\zip.dll
0x00007ff998030000 - 0x00007ff998040000 	C:\Users\osaka\.vscode\extensions\redhat.java-1.54.0-win32-x64\jre\21.0.10-win32-x86_64\bin\net.dll
0x00007ff9a2670000 - 0x00007ff9a279d000 	C:\Windows\SYSTEM32\WINHTTP.dll
0x00007ff9a8910000 - 0x00007ff9a897c000 	C:\Windows\system32\mswsock.dll
0x00007ff97bea0000 - 0x00007ff97beb6000 	C:\Users\osaka\.vscode\extensions\redhat.java-1.54.0-win32-x64\jre\21.0.10-win32-x86_64\bin\nio.dll
0x00007ff9959d0000 - 0x00007ff9959e0000 	c:\Users\osaka\.vscode\extensions\redhat.java-1.54.0-win32-x64\jre\21.0.10-win32-x86_64\bin\verify.dll
0x00007ff96e860000 - 0x00007ff96e8a5000 	C:\Users\osaka\AppData\Roaming\Code\User\globalStorage\redhat.java\1.54.0\config_win\org.eclipse.equinox.launcher\org.eclipse.equinox.launcher.win32.win32.x86_64_1.3.0.v20260203-2149\eclipse_11919.dll
0x00007ff9a8d10000 - 0x00007ff9a8d2b000 	C:\Windows\SYSTEM32\CRYPTSP.dll
0x00007ff9a8320000 - 0x00007ff9a8359000 	C:\Windows\system32\rsaenh.dll
0x00007ff9a89c0000 - 0x00007ff9a89f3000 	C:\Windows\SYSTEM32\USERENV.dll
0x00007ff9a9560000 - 0x00007ff9a958a000 	C:\Windows\SYSTEM32\bcrypt.dll
0x00007ff9a8b70000 - 0x00007ff9a8b7c000 	C:\Windows\SYSTEM32\CRYPTBASE.dll
0x00007ff9a7da0000 - 0x00007ff9a7dd2000 	C:\Windows\SYSTEM32\IPHLPAPI.DLL
0x00007ff9aaf40000 - 0x00007ff9aaf4a000 	C:\Windows\System32\NSI.dll
0x00007ff94e590000 - 0x00007ff94e5d9000 	C:\Users\osaka\AppData\Local\Temp\jna-106033427\jna14333851641323943378.dll
0x00007ff9ab6c0000 - 0x00007ff9ab6c8000 	C:\Windows\System32\PSAPI.DLL
0x00007ff9a24e0000 - 0x00007ff9a24fd000 	C:\Windows\SYSTEM32\dhcpcsvc6.DLL
0x00007ff9a22f0000 - 0x00007ff9a2315000 	C:\Windows\SYSTEM32\dhcpcsvc.DLL
0x00007ff993190000 - 0x00007ff99319e000 	C:\Users\osaka\.vscode\extensions\redhat.java-1.54.0-win32-x64\jre\21.0.10-win32-x86_64\bin\sunmscapi.dll
0x00007ff9aa780000 - 0x00007ff9aa8f7000 	C:\Windows\System32\CRYPT32.dll
0x00007ff9a8e70000 - 0x00007ff9a8ea0000 	C:\Windows\SYSTEM32\ncrypt.dll
0x00007ff9a8e20000 - 0x00007ff9a8e5f000 	C:\Windows\SYSTEM32\NTASN1.dll
0x00007ff9a7de0000 - 0x00007ff9a7f12000 	C:\Windows\SYSTEM32\DNSAPI.dll
0x00007ff9a1270000 - 0x00007ff9a127b000 	C:\Windows\System32\rasadhlp.dll
0x00007ff9a1910000 - 0x00007ff9a1996000 	C:\Windows\System32\fwpuclnt.dll
0x00007ff993020000 - 0x00007ff993029000 	C:\Users\osaka\.vscode\extensions\redhat.java-1.54.0-win32-x64\jre\21.0.10-win32-x86_64\bin\extnet.dll

JVMTI agents:
c:\Users\osaka\.vscode\extensions\redhat.java-1.54.0-win32-x64\lombok\lombok-1.18.39-4050.jar path:c:\Users\osaka\.vscode\extensions\redhat.java-1.54.0-win32-x64\jre\21.0.10-win32-x86_64\bin\instrument.dll, loaded, initialized, instrumentlib options:none

dbghelp: loaded successfully - version: 4.0.5 - missing functions: none
symbol engine: initialized successfully - sym options: 0x614 - pdb path: .;c:\Users\osaka\.vscode\extensions\redhat.java-1.54.0-win32-x64\jre\21.0.10-win32-x86_64\bin;C:\Windows\SYSTEM32;C:\Windows\WinSxS\amd64_microsoft.windows.common-controls_6595b64144ccf1df_6.0.26100.8115_none_3e075c82e3354f9c;C:\Program Files\Windhawk\Engine\1.7.3\64;C:\ProgramData\Windhawk\Engine\Mods\64;c:\Users\osaka\.vscode\extensions\redhat.java-1.54.0-win32-x64\jre\21.0.10-win32-x86_64\bin\server;C:\Users\osaka\AppData\Roaming\Code\User\globalStorage\redhat.java\1.54.0\config_win\org.eclipse.equinox.launcher\org.eclipse.equinox.launcher.win32.win32.x86_64_1.3.0.v20260203-2149;C:\Users\osaka\AppData\Local\Temp\jna-106033427

VM Arguments:
jvm_args: --add-modules=ALL-SYSTEM --add-opens=java.base/java.util=ALL-UNNAMED --add-opens=java.base/java.lang=ALL-UNNAMED --add-opens=java.base/sun.nio.fs=ALL-UNNAMED -Declipse.application=org.eclipse.jdt.ls.core.id1 -Dosgi.bundles.defaultStartLevel=4 -Declipse.product=org.eclipse.jdt.ls.core.product -Djava.import.generatesMetadataFilesAtProjectRoot=false -DDetectVMInstallationsJob.disabled=true -Dfile.encoding=utf8 -XX:+UseParallelGC -XX:GCTimeRatio=4 -XX:AdaptiveSizePolicyWeight=90 -Dsun.zip.disableMemoryMapping=true -Xmx2G -Xms100m -Xlog:disable -javaagent:c:\Users\osaka\.vscode\extensions\redhat.java-1.54.0-win32-x64\lombok\lombok-1.18.39-4050.jar -XX:+HeapDumpOnOutOfMemoryError -XX:HeapDumpPath=c:\Users\osaka\AppData\Roaming\Code\User\workspaceStorage\fd0630c1d770339bb41c961d7db7f29d\redhat.java -Daether.dependencyCollector.impl=bf 
java_command: c:\Users\osaka\.vscode\extensions\redhat.java-1.54.0-win32-x64\server\plugins\org.eclipse.equinox.launcher_1.7.100.v20251111-0406.jar -configuration c:\Users\osaka\AppData\Roaming\Code\User\globalStorage\redhat.java\1.54.0\config_win -data c:\Users\osaka\AppData\Roaming\Code\User\workspaceStorage\fd0630c1d770339bb41c961d7db7f29d\redhat.java\jdt_ws --pipe=\\.\pipe\lsp-201627d77b94b526ea72e585061701f0-sock
java_class_path (initial): c:\Users\osaka\.vscode\extensions\redhat.java-1.54.0-win32-x64\server\plugins\org.eclipse.equinox.launcher_1.7.100.v20251111-0406.jar
Launcher Type: SUN_STANDARD

[Global flags]
    uintx AdaptiveSizePolicyWeight                 = 90                                        {product} {command line}
     intx CICompilerCount                          = 4                                         {product} {ergonomic}
    uintx GCTimeRatio                              = 4                                         {product} {command line}
     bool HeapDumpOnOutOfMemoryError               = true                                   {manageable} {command line}
    ccstr HeapDumpPath                             = c:\Users\osaka\AppData\Roaming\Code\User\workspaceStorage\fd0630c1d770339bb41c961d7db7f29d\redhat.java         {manageable} {command line}
   size_t InitialHeapSize                          = 104857600                                 {product} {command line}
   size_t MaxHeapSize                              = 2147483648                                {product} {command line}
   size_t MaxNewSize                               = 715653120                                 {product} {ergonomic}
   size_t MinHeapDeltaBytes                        = 524288                                    {product} {ergonomic}
   size_t MinHeapSize                              = 104857600                                 {product} {command line}
   size_t NewSize                                  = 34603008                                  {product} {ergonomic}
    uintx NonNMethodCodeHeapSize                   = 5839372                                {pd product} {ergonomic}
    uintx NonProfiledCodeHeapSize                  = 122909434                              {pd product} {ergonomic}
   size_t OldSize                                  = 70254592                                  {product} {ergonomic}
    uintx ProfiledCodeHeapSize                     = 122909434                              {pd product} {ergonomic}
    uintx ReservedCodeCacheSize                    = 251658240                              {pd product} {ergonomic}
     bool SegmentedCodeCache                       = true                                      {product} {ergonomic}
   size_t SoftMaxHeapSize                          = 2147483648                             {manageable} {ergonomic}
     bool UseCompressedOops                        = true                           {product lp64_product} {ergonomic}
     bool UseLargePagesIndividualAllocation        = false                                  {pd product} {ergonomic}
     bool UseParallelGC                            = true                                      {product} {command line}

Logging:
Log output configuration:
 #0: stdout all=off uptime,level,tags foldmultilines=false
 #1: stderr all=off uptime,level,tags foldmultilines=false

Release file:
JAVA_VERSION="21.0.10" 
MODULES="java.base java.compiler java.datatransfer java.xml java.prefs java.desktop java.instrument java.logging java.management java.security.sasl java.naming java.rmi java.management.rmi java.net.http java.scripting java.security.jgss java.transaction.xa java.sql java.sql.rowset java.xml.crypto java.se java.smartcardio jdk.accessibility jdk.internal.jvmstat jdk.attach jdk.charsets jdk.internal.opt jdk.zipfs jdk.compiler jdk.crypto.ec jdk.crypto.cryptoki jdk.crypto.mscapi jdk.dynalink jdk.internal.ed jdk.editpad jdk.hotspot.agent jdk.httpserver jdk.internal.le jdk.internal.vm.ci jdk.internal.vm.compiler jdk.internal.vm.compiler.management jdk.jartool jdk.javadoc jdk.jcmd jdk.management jdk.management.agent jdk.jconsole jdk.jdeps jdk.jdwp.agent jdk.jdi jdk.jfr jdk.jshell jdk.jsobject jdk.jstatd jdk.localedata jdk.management.jfr jdk.naming.dns jdk.naming.rmi jdk.net jdk.nio.mapmode jdk.random jdk.sctp jdk.security.auth jdk.security.jgss jdk.unsupported jdk.unsupported.desktop jdk.xml.dom" 

Environment Variables:
JAVA_HOME=F:\Program Files\Java\jdk-21
PATH=F:\Program Files\Microsoft VS Code;C:\Windows\system32;C:\Windows;C:\Windows\System32\Wbem;C:\Windows\System32\WindowsPowerShell\v1.0\;C:\Windows\System32\OpenSSH\;C:\Program Files\NVIDIA Corporation\NVIDIA App\NvDLISR;C:\Program Files (x86)\NVIDIA Corporation\PhysX\Common;F:\Program Files\Java\jdk-21\bin;C:\Users\osaka\AppData\Local\Programs\Python\Python312;C:\Users\osaka\AppData\Local\Programs\Python\Python312\Scripts;F:\Program Files\Git\cmd;F:\Program Files\Apache\apache-maven-3.9.14\bin;C:\Users\osaka\AppData\Local\Programs\Python\Launcher\;C:\Users\osaka\AppData\Local\Microsoft\WindowsApps;C:\Users\osaka\AppData\Local\Python\bin;F:\Program Files\Microsoft VS Code\bin
USERNAME=osaka
OS=Windows_NT
PROCESSOR_IDENTIFIER=AMD64 Family 23 Model 113 Stepping 0, AuthenticAMD
TMP=C:\Users\osaka\AppData\Local\Temp
TEMP=C:\Users\osaka\AppData\Local\Temp




Periodic native trim disabled

---------------  S Y S T E M  ---------------

OS:
 Windows 11 , 64 bit Build 26100 (10.0.26100.8246)
OS uptime: 0 days 13:09 hours
Hyper-V role detected

CPU: total 12 (initial active 12) (12 cores per cpu, 2 threads per core) family 23 model 113 stepping 0 microcode 0x8701021, cx8, cmov, fxsr, ht, mmx, 3dnowpref, sse, sse2, sse3, ssse3, sse4a, sse4.1, sse4.2, popcnt, lzcnt, tsc, tscinvbit, avx, avx2, aes, clmul, bmi1, bmi2, adx, sha, fma, vzeroupper, clflush, clflushopt, hv, rdtscp, rdpid, f16c
Processor Information for the first 12 processors :
  Max Mhz: 3801, Current Mhz: 3801, Mhz Limit: 3801

Memory: 4k page, system-wide physical 32679M (13969M free)
TotalPageFile size 35131M (AvailPageFile size 5M)
current process WorkingSet (physical memory assigned to process): 344M, peak: 344M
current process commit charge ("private bytes"): 418M, peak: 421M

vm_info: OpenJDK 64-Bit Server VM (21.0.10+7-LTS) for windows-amd64 JRE (21.0.10+7-LTS), built on 2026-01-20T00:00:00Z by "admin" with MS VC++ 17.12 (VS2022)

END.
